test_barcode_login_inactive_user (scratch.test_robustez_seguridad.TestRobustezSeguridad.test_barcode_login_inactive_user) ... ok
test_crear_producto_rapido_defaults (scratch.test_robustez_seguridad.TestRobustezSeguridad.test_crear_producto_rapido_defaults) ... ok
test_ia_aplicar_oferta_route_restrictions (scratch.test_robustez_seguridad.TestRobustezSeguridad.test_ia_aplicar_oferta_route_restrictions) ... D:\nuevakalu2024\routes\ia_mercado.py:78: SAWarning: Coercing Subquery object into a select() for use in IN(); please pass a select() construct explicitly
  ~Cliente.id.in_(clientes_activos_ids)
FAIL
test_model_level_permission_on_offer_price (scratch.test_robustez_seguridad.TestRobustezSeguridad.test_model_level_permission_on_offer_price) ... ok
test_verify_pin_invalid_json (scratch.test_robustez_seguridad.TestRobustezSeguridad.test_verify_pin_invalid_json) ... ok

======================================================================
FAIL: test_ia_aplicar_oferta_route_restrictions (scratch.test_robustez_seguridad.TestRobustezSeguridad.test_ia_aplicar_oferta_route_restrictions)
----------------------------------------------------------------------
Traceback (most recent call last):
  File "D:\nuevakalu2024\scratch\test_robustez_seguridad.py", line 154, in test_ia_aplicar_oferta_route_restrictions
    self.assertIn("IA: Oferta aplicada", response.get_data(as_text=True))
    ~~~~~~~~~~~~~^^^^^^^^^^^^^^^^^^^^^^^^^^^^^^^^^^^^^^^^^^^^^^^^^^^^^^^^
AssertionError: 'IA: Oferta aplicada' not found in '<!doctype html>\n<html lang="es">\n\n<head>\n  <meta charset="UTF-8" />\n  <meta name="google-site-verification" content="P9Np8fiCz-04v6HXE4I8-qqK3Ffx5rW4ebz" />\n  <meta name="viewport" content="width=device-width, initial-scale=1.0">\n  <meta name="robots" content="noindex, nofollow">\n    <title>KALUNUEVA2024 - Gestión Administrativa</title>\n    <meta name="description" content="Sistema de Gestión Administrativa para Negocios - KALUNUEVA2024. Control de inventario, ventas y proveedores.">\n    <!-- OpenGraph -->\n    <meta property="og:title" content="KALUNUEVA2024">\n    <meta property="og:description" content="Gestión profesional de inventario y ventas.">\n    <meta property="og:image" content="/static/logo_antigravity.png">\n    <link rel="icon" type="image/png" href="/static/favicon.png">\n    \n    <!-- PWA Support -->\n    <link rel="manifest" href="/static/manifest.json">\n    <meta name="theme-color" content="#1a252f">\n    <meta name="mobile-web-app-capable" content="yes">\n    <meta name="apple-mobile-web-app-capable" content="yes">\n    <meta name="apple-mobile-web-app-status-bar-style" content="black-translucent">\n    <link rel="apple-touch-icon" href="/static/favicon.png">\n  <link href="https://cdn.jsdelivr.net/npm/bootstrap@5.3.0/dist/css/bootstrap.min.css" rel="stylesheet" />\n  <link rel="stylesheet" href="https://cdnjs.cloudflare.com/ajax/libs/font-awesome/6.0.0/css/all.min.css" />\n  <!-- DataTables + Buttons CSS -->\n  <link rel="stylesheet" href="https://cdn.datatables.net/1.13.6/css/dataTables.bootstrap5.min.css">\n  <link rel="stylesheet" href="https://cdn.datatables.net/buttons/2.4.2/css/buttons.bootstrap5.min.css">\n  \n  <!-- DataTables + Extensiones de Exportación JS -->\n  <script src="https://code.jquery.com/jquery-3.7.0.js"></script>\n  <script src="https://cdn.datatables.net/1.13.6/js/jquery.dataTables.min.js"></script>\n  <script src="https://cdn.datatables.net/1.13.6/js/dataTables.bootstrap5.min.js"></script>\n  <script src="https://cdn.datatables.net/buttons/2.4.2/js/dataTables.buttons.min.js"></script>\n  <script src="https://cdn.datatables.net/buttons/2.4.2/js/buttons.bootstrap5.min.js"></script>\n  <script src="https://cdnjs.cloudflare.com/ajax/libs/jszip/3.10.1/jszip.min.js"></script>\n  <script src="https://cdnjs.cloudflare.com/ajax/libs/pdfmake/0.2.7/pdfmake.min.js"></script>\n  <script src="https://cdnjs.cloudflare.com/ajax/libs/pdfmake/0.2.7/vfs_fonts.js"></script>\n  <script src="https://cdn.datatables.net/buttons/2.4.2/js/buttons.html5.min.js"></script>\n  <script src="https://cdn.datatables.net/buttons/2.4.2/js/buttons.print.min.js"></script>\n\n  <link rel="stylesheet" href="/static/movil.css">\n  <style>\n    body {\n      background: url(\'/static/fondo_negocio_jpg.png\') no-repeat center center fixed !important;\n      background-size: cover !important;\n      font-family: \'Inter\', \'Segoe UI\', sans-serif;\n      min-height: 100vh;\n      color: #333;\n    }\n\n    /* Overlay global para contraste */\n    body::before {\n      content: "";\n      position: fixed;\n      top: 0; left: 0; width: 100%; height: 100%;\n      background: rgba(0, 0, 0, 0.4); /* Capa oscura sutil */\n      z-index: -1;\n    }\n\n    @keyframes pulse-tasa {\n      0% {\n        background: #c0392b;\n      }\n\n      50% {\n        background: #e74c3c;\n      }\n\n      100% {\n        background: #c0392b;\n      }\n    }\n\n    .barra-tasa-alerta {\n      position: fixed;\n      top: 0;\n      left: 0;\n      right: 0;\n      z-index: 10000;\n      background: #c0392b;\n      color: white;\n      text-align: center;\n      padding: 12px;\n      font-weight: bold;\n      font-size: 1rem;\n      cursor: pointer;\n      box-shadow: 0 4px 15px rgba(0, 0, 0, 0.4);\n      animation: pulse-tasa 1.5s infinite;\n    }\n\n    .sidebar {\n      height: 100vh;\n      background: rgba(26, 37, 47, 0.98);\n      color: white;\n      position: fixed;\n      width: 280px;\n      transition: left 0.4s ease-in-out;\n      overflow-y: auto;\n      z-index: 2147483646 !important; /* Prioridad máxima por encima de tablas y otros elementos */\n      backdrop-filter: blur(15px);\n      border-right: 1px solid rgba(255, 255, 255, 0.1);\n      box-shadow: 15px 0 50px rgba(0,0,0,0.8);\n      top: 0;\n      left: 0;\n    }\n\n    /* En escritorio, el menú se esconde hacia la izquierda */\n    .sidebar.collapsed {\n      left: -280px;\n    }\n    \n    /* En móvil, el menú por defecto está afuera */\n    @media (max-width: 991px) {\n      .sidebar {\n        left: -300px; /* Asegurar que esté bien afuera */\n        display: block !important;\n        visibility: visible !important;\n      }\n      .sidebar.show-mobile {\n        left: 0 !important;\n      }\n      .main-content {\n        margin-left: 0 !important;\n        width: 100% !important;\n        padding: 15px !important;\n        padding-top: 85px !important; /* Espacio para el botón de menú hamburguesa */\n        transition: none !important;\n      }\n    }\n\n    .sidebar h3 {\n      padding: 15px;\n      background: rgba(0, 0, 0, 0.2);\n      color: #3498db;\n      font-weight: 800;\n      text-align: center;\n      margin-bottom: 0;\n      letter-spacing: 2px;\n      border-bottom: 1px solid rgba(255,255,255,0.05);\n    }\n\n    .sidebar .logo-img {\n      width: 100%;\n      max-width: 200px;\n      padding: 20px;\n      display: block;\n      margin: 0 auto;\n      filter: drop-shadow(0 0 10px rgba(52, 152, 219, 0.5));\n    }\n\n    .sidebar .menu-label {\n      padding: 15px 25px 5px 25px;\n      font-size: 0.7rem;\n      text-transform: uppercase;\n      color: #5dade2;\n      font-weight: 800;\n      letter-spacing: 1px;\n    }\n\n    .sidebar a {\n      color: #bdc3c7;\n      text-decoration: none;\n      padding: 12px 25px;\n      display: block;\n      transition: all 0.2s;\n      font-size: 0.9rem;\n      border-left: 4px solid transparent;\n    }\n\n    .sidebar a:hover,\n    .sidebar a.active {\n      background: rgba(52, 152, 219, 0.1);\n      color: #3498db;\n      border-left: 4px solid #3498db;\n      padding-left: 30px;\n    }\n\n    .main-content {\n      margin-left: 260px;\n      padding: 30px;\n      transition: all 0.4s cubic-bezier(0.4, 0, 0.2, 1);\n    }\n\n    /* Sidebar Overlay for Mobile (DESACTIVADO POR PETICION) */\n    .sidebar-overlay {\n      display: none !important;\n    }\n\n    .main-content.expanded {\n      margin-left: 0;\n    }\n\n    /* Toggle Button */\n    .btn-toggle-sidebar {\n      position: fixed;\n      top: 15px;\n      left: 15px;\n      z-index: 2147483647 !important; /* Siempre encima de todo, incluyendo la barra lateral */\n      background: #3498db;\n      color: white;\n      width: 50px;\n      height: 50px;\n      border-radius: 15px;\n      display: flex;\n      align-items: center;\n      justify-content: center;\n      border: none;\n      box-shadow: 0 5px 15px rgba(0,0,0,0.4);\n      cursor: pointer;\n      transition: all 0.3s;\n    }\n\n    .btn-toggle-sidebar:hover {\n      background: #3498db;\n      transform: scale(1.05);\n    }\n\n    .card {\n      border: 1px solid rgba(255, 255, 255, 0.2);\n      border-radius: 20px;\n      background: rgba(255, 255, 255, 0.85);\n      backdrop-filter: blur(15px);\n      box-shadow: 0 10px 30px rgba(0, 0, 0, 0.1);\n      overflow: hidden;\n      transition: transform 0.2s;\n    }\n\n    .card:hover {\n        transform: translateY(-5px);\n    }\n    \n    /* PWA - Color de barra de estado */\n    meta[name="theme-color"] { content: #1a252f; }\n\n    .btn-tasa-bcv {\n      background: rgba(255, 255, 255, 0.1);\n      border: 1px solid rgba(255, 255, 255, 0.4);\n      color: white !important;\n      border-radius: 50px;\n      padding: 8px 15px;\n      font-size: 0.85rem;\n      text-decoration: none !important;\n      display: inline-flex;\n      align-items: center;\n      justify-content: center;\n    }\n\n    .btn-tasa-bcv:hover {\n      background: #f1c40f;\n      color: #000 !important;\n      transform: translateY(-2px);\n    }\n  </style>\n  <!-- Standardized Kalu Sliding Drawers -->\n  <style>\n    .drawer-backdrop {\n      position: fixed;\n      top: 0;\n      left: 0;\n      width: 100%;\n      height: 100%;\n      background: rgba(0, 0, 0, 0.6);\n      backdrop-filter: blur(8px);\n      z-index: 9990 !important;\n      display: none;\n      opacity: 0;\n      transition: opacity 0.3s ease;\n    }\n    .drawer-backdrop.active {\n      display: block !important;\n      opacity: 1 !important;\n    }\n    .payment-drawer {\n      position: fixed;\n      top: 0;\n      right: 0;\n      width: 480px;\n      height: 100vh;\n      background: linear-gradient(135deg, #1a2a3a 0%, #0d151d 100%) !important;\n      backdrop-filter: blur(25px);\n      z-index: 9999 !important;\n      transform: translateX(100%);\n      visibility: hidden;\n      transition: transform 0.5s cubic-bezier(0.19, 1, 0.22, 1), visibility 0.5s;\n      border-left: 1px solid rgba(255, 255, 255, 0.1);\n      box-shadow: -20px 0 60px rgba(0, 0, 0, 0.8);\n      overflow-y: auto;\n      padding: 40px 30px;\n      color: white;\n    }\n    .payment-drawer.active {\n      transform: translateX(0);\n      visibility: visible;\n    }\n    .btn-close-drawer {\n      font-size: 1.8rem;\n      cursor: pointer;\n      opacity: 0.6;\n      transition: all 0.3s;\n    }\n    .btn-close-drawer:hover {\n      opacity: 1;\n      transform: rotate(90deg) scale(1.1);\n      color: #e74c3c;\n    }\n    .total-display-premium {\n      background: rgba(255, 255, 255, 0.05);\n      border-radius: 24px;\n      padding: 25px;\n      text-align: center;\n      margin-bottom: 30px;\n      border: 1px solid rgba(255, 255, 255, 0.1);\n    }\n    .total-display-amount {\n      font-size: 3rem;\n      font-weight: 900;\n      margin: 10px 0;\n      letter-spacing: -2px;\n      text-shadow: 0 4px 15px rgba(0,0,0,0.3);\n    }\n    .form-dark-premium input, .form-dark-premium select {\n      background: rgba(255, 255, 255, 0.07) !important;\n      border: 1px solid rgba(255, 255, 255, 0.1) !important;\n      color: white !important;\n      border-radius: 12px !important;\n      padding: 15px 20px !important;\n      font-weight: 600 !important;\n    }\n    .form-dark-premium input:focus, .form-dark-premium select:focus {\n      background: rgba(255, 255, 255, 0.12) !important;\n      border-color: #3498db !important;\n      box-shadow: 0 0 15px rgba(52, 152, 219, 0.3) !important;\n    }\n    .btn-currency-selector {\n      border-width: 2px !important;\n      padding: 12px !important;\n      font-weight: 800 !important;\n      text-transform: uppercase;\n      letter-spacing: 1px;\n    }\n    /* Responsive adjustments for drawers */\n    @media (max-width: 576px) {\n      .payment-drawer {\n        width: 100%;\n      }\n    }\n  </style>\n  <script src="https://cdn.jsdelivr.net/npm/sweetalert2@11"></script>\n</head>\n\n<body data-logged-in="true">\n  <button class="btn-toggle-sidebar" id="sidebar-toggle" onclick="toggleSidebarMenu()">\n    <i class="fas fa-bars"></i>\n  </button>\n  \n  <div class="sidebar-overlay" id="sidebar-overlay" onclick="toggleSidebarMenu()"></div>\n\n  <!-- \U0001f6a8 BARRA ROJA FLOTANTE — ALERTA TASA BCV -->\n  \n\n    <div class="sidebar">\n    <img src="/static/logo_antigravity.png" alt="KALUNEVA2024" class="logo-img">\n\n    \n        <div class="menu-label">Módulo de Ventas</div>\n        <a href="/pos"><i class="fas fa-cash-register me-2"></i> PUNTO DE VENTA</a>\n        \n        <a href="/historial_ventas"><i class="fas fa-receipt me-2"></i> HISTORIAL VENTAS</a>\n        \n        \n        \n        <a href="/morosos"><i class="fas fa-user-clock me-2"></i> CUENTAS X COBRAR</a>\n\n        <div class="menu-label">Inventario y Compras</div>\n        \n        <a href="/compras"><i class="fas fa-shopping-cart me-2"></i> CARGA DE COMPRAS</a>\n        \n\n        <div class="menu-label">Reportes y Caja</div>\n        <a href="/reporte_cierre"><i class="fas fa-chart-line me-2"></i> CIERRE DIARIO</a>\n        \n\n        <div class="menu-label">Productores</div>\n        <a href="/libreta_productores">\n        <i class="fas fa-book-open me-2"></i> LIBRETA QUESO\n        </a>\n    \n\n    \n\n    \n\n    \n\n    <div style="padding: 15px 25px; margin-top: 10px">\n      <a href="/set_tasa_bcv" class="btn-tasa-bcv shadow-sm w-100\n         " >\n        <i class="fas fa-university me-2"></i>\n        \n        <span>BCV: <strong>Bs. 530.0000</strong></span>\n        \n      </a>\n    </div>\n\n    \n    <div style="padding: 10px 25px; margin-bottom: 20px;">\n      <a href="/logout" style="color:#e74c3c; border-left: 4px solid #e74c3c;"\n        class="d-block text-decoration-none py-2 px-0">\n        <i class="fas fa-sign-out-alt me-2"></i> CERRAR SESIÓN\n        <small class="d-block text-muted" style="font-size:0.75rem;">test_cajero_role (cajero)</small>\n      </a>\n    </div>\n    \n\n    <div class="mt-auto px-4 py-3 text-center opacity-75" style="border-top: 1px solid rgba(255,255,255,0.05);">\n        <small style="color: #5dade2; font-family: \'Segoe UI\', Tahoma, Geneva, Verdana, sans-serif;">\n            <i class="fas fa-rocket"></i> KALUNEVA2024<br>\n            <span style="font-size: 0.7rem; letter-spacing: 1px;">CREADA CON ANTIGRAVITY</span>\n        </small>\n    </div>\n  </div>\n\n  <div class="main-content">\n    \n    \n    \n    <div class="alert alert-danger alert-dismissible fade show" role="alert">\n      \u26d4 Acceso Denegado: Solo el Administrador o el Dueño pueden aplicar ofertas.\n      <button type="button" class="btn-close" data-bs-dismiss="alert"></button>\n    </div>\n    \n    \n    \n    \n    <!-- BOTÓN REGRESAR GLOBAL (Oculto en el POS para limpieza total) -->\n    \n    <div class="mb-4 d-print-none d-flex align-items-center gap-3">\n        <button onclick="history.back()" class="btn btn-dark shadow-sm rounded-pill px-4" id="btn_regresar_global" style="background: rgba(0,0,0,0.5); border: 1px solid rgba(255,255,255,0.1); backdrop-filter: blur(10px);">\n            <i class="fas fa-chevron-left me-2"></i> REGRESAR\n        </button>\n        \n        <a href="/" class="btn btn-outline-light btn-sm rounded-circle shadow-sm" title="Inicio" style="width: 35px; height: 35px; display: flex; align-items: center; justify-content: center;">\n            <i class="fas fa-home"></i>\n        </a>\n        \n    </div>\n    \n\n    \n<div class="container mt-4">\n  <div class="d-flex flex-wrap justify-content-between align-items-center mb-4 gap-2">\n    <h2>\n      <i class="fas fa-brain text-primary"></i> Kalu-IA: Inteligencia de Mercado\n    </h2>\n    <div class="d-flex align-items-center gap-3">\n      <a href="/reporte-semanal" class="btn btn-warning shadow-sm fw-bold">\n        <i class="fas fa-chart-pie me-2"></i> Reporte Semanal (IA Gerente)\n      </a>\n      <span class="badge bg-info text-dark fs-6 d-none d-md-inline-block">Actualizado: 21/05/2026</span>\n    </div>\n  </div>\n\n  <!-- Alerta de Temporada / Zafra -->\n  <div class="alert alert-warning border-start border-5 border-warning shadow-sm mb-4">\n    <h5><i class="fas fa-calendar-alt"></i> Análisis de Temporada</h5>\n    <p class="mb-0 fs-5"><strong>ALERTA INVIERNO: Temporada de Queso. Asegurar Sal y Cuajo.</strong></p>\n  </div>\n\n  <!-- INFORME CONTABLE IA -->\n  <div class="card shadow-sm mb-4 border-0 bg-dark text-white">\n    <div class="card-body">\n      <div class="d-flex justify-content-between align-items-center mb-3">\n        <div>\n          <h5 class="mb-1"><i class="fas fa-robot"></i> Auditoría Contable IA — Hoy</h5>\n          <small class="text-muted">Comparación entre ventas del POS y dinero registrado en Caja.</small>\n        </div>\n        <form method="POST" action="/ia/ajuste_contable">\n          <button type="submit" class="btn btn-warning fw-bold">\n            <i class="fas fa-magic"></i> Ejecutar Ajuste IA\n          </button>\n        </form>\n      </div>\n      \n      <div class="row text-center">\n        <div class="col-4">\n          <div class="bg-secondary rounded p-2">\n            <small class="text-muted d-block">Ventas POS</small>\n            <strong class="fs-5">$248.62</strong>\n          </div>\n        </div>\n        <div class="col-4">\n          <div class="bg-secondary rounded p-2">\n            <small class="text-muted d-block">En Caja</small>\n            <strong class="fs-5">$66.41</strong>\n          </div>\n        </div>\n        <div class="col-4">\n          <div class="rounded p-2 bg-danger">\n            <small class="d-block">Diferencia</small>\n            <strong class="fs-5">$182.21</strong>\n            <div><small>\u26a0\ufe0f DESCUADRADO</small></div>\n          </div>\n        </div>\n      </div>\n      \n    </div>\n  </div>\n\n  <div class="row">\n    <!-- Columna 1: Plan de Compras -->\n    <div class="col-md-4">\n      <div class="card shadow-sm mb-4">\n        <div class="card-header bg-danger text-white">\n          <i class="fas fa-shopping-cart"></i> Reposición Urgente\n        </div>\n        <div class="card-body">\n          <ul class="list-group list-group-flush">\n            \n            <li class="list-group-item d-flex justify-content-between align-items-center">\n              <div>\n                <strong>DISCO CORTE GRANDE</strong><br>\n                <small class="text-muted">Mínimo: 1.000</small>\n              </div>\n              <span class="badge bg-danger rounded-pill">1.000 en stock</span>\n            </li>\n            \n            <li class="list-group-item d-flex justify-content-between align-items-center">\n              <div>\n                <strong>DISCO DE CORTE PQÑO</strong><br>\n                <small class="text-muted">Mínimo: 1.000</small>\n              </div>\n              <span class="badge bg-danger rounded-pill">0.000 en stock</span>\n            </li>\n            \n            <li class="list-group-item d-flex justify-content-between align-items-center">\n              <div>\n                <strong>hoja de cegueta</strong><br>\n                <small class="text-muted">Mínimo: 5.000</small>\n              </div>\n              <span class="badge bg-danger rounded-pill">3.000 en stock</span>\n            </li>\n            \n            <li class="list-group-item d-flex justify-content-between align-items-center">\n              <div>\n                <strong>LIMA DE MACHETE</strong><br>\n                <small class="text-muted">Mínimo: 5.000</small>\n              </div>\n              <span class="badge bg-danger rounded-pill">2.000 en stock</span>\n            </li>\n            \n            <li class="list-group-item d-flex justify-content-between align-items-center">\n              <div>\n                <strong>LIMA DE MOTOSIERRA</strong><br>\n                <small class="text-muted">Mínimo: 5.000</small>\n              </div>\n              <span class="badge bg-danger rounded-pill">2.000 en stock</span>\n            </li>\n            \n            <li class="list-group-item d-flex justify-content-between align-items-center">\n              <div>\n                <strong>lima MOTOSIERRA 7/32</strong><br>\n                <small class="text-muted">Mínimo: 1.000</small>\n              </div>\n              <span class="badge bg-danger rounded-pill">1.000 en stock</span>\n            </li>\n            \n            <li class="list-group-item d-flex justify-content-between align-items-center">\n              <div>\n                <strong>MANGERA DE POCETA</strong><br>\n                <small class="text-muted">Mínimo: 2.000</small>\n              </div>\n              <span class="badge bg-danger rounded-pill">2.000 en stock</span>\n            </li>\n            \n            <li class="list-group-item d-flex justify-content-between align-items-center">\n              <div>\n                <strong>MECATE  GRUESO MTS</strong><br>\n                <small class="text-muted">Mínimo: 5.000</small>\n              </div>\n              <span class="badge bg-danger rounded-pill">1.000 en stock</span>\n            </li>\n            \n            <li class="list-group-item d-flex justify-content-between align-items-center">\n              <div>\n                <strong>MECATE DELGADO MTS</strong><br>\n                <small class="text-muted">Mínimo: 5.000</small>\n              </div>\n              <span class="badge bg-danger rounded-pill">0.200 en stock</span>\n            </li>\n            \n            <li class="list-group-item d-flex justify-content-between align-items-center">\n              <div>\n                <strong>PEGA  ACEROPLASTICO</strong><br>\n                <small class="text-muted">Mínimo: 2.000</small>\n              </div>\n              <span class="badge bg-danger rounded-pill">1.000 en stock</span>\n            </li>\n            \n            <li class="list-group-item d-flex justify-content-between align-items-center">\n              <div>\n                <strong>AGUJA</strong><br>\n                <small class="text-muted">Mínimo: 2.000</small>\n              </div>\n              <span class="badge bg-danger rounded-pill">2.000 en stock</span>\n            </li>\n            \n            <li class="list-group-item d-flex justify-content-between align-items-center">\n              <div>\n                <strong>CUAJO 1L</strong><br>\n                <small class="text-muted">Mínimo: 2.000</small>\n              </div>\n              <span class="badge bg-danger rounded-pill">1.500 en stock</span>\n            </li>\n            \n            <li class="list-group-item d-flex justify-content-between align-items-center">\n              <div>\n                <strong>FULMINANTE</strong><br>\n                <small class="text-muted">Mínimo: 5.000</small>\n              </div>\n              <span class="badge bg-danger rounded-pill">1.000 en stock</span>\n            </li>\n            \n            <li class="list-group-item d-flex justify-content-between align-items-center">\n              <div>\n                <strong>GENTAK</strong><br>\n                <small class="text-muted">Mínimo: 3.000</small>\n              </div>\n              <span class="badge bg-danger rounded-pill">0.000 en stock</span>\n            </li>\n            \n            <li class="list-group-item d-flex justify-content-between align-items-center">\n              <div>\n                <strong>Sacos de sal</strong><br>\n                <small class="text-muted">Mínimo: 5.000</small>\n              </div>\n              <span class="badge bg-danger rounded-pill">5.000 en stock</span>\n            </li>\n            \n            <li class="list-group-item d-flex justify-content-between align-items-center">\n              <div>\n                <strong>YODADA</strong><br>\n                <small class="text-muted">Mínimo: 5.000</small>\n              </div>\n              <span class="badge bg-danger rounded-pill">1.000 en stock</span>\n            </li>\n            \n            <li class="list-group-item d-flex justify-content-between align-items-center">\n              <div>\n                <strong>ACEITE CASTROL 4T</strong><br>\n                <small class="text-muted">Mínimo: 1.000</small>\n              </div>\n              <span class="badge bg-danger rounded-pill">1.000 en stock</span>\n            </li>\n            \n            <li class="list-group-item d-flex justify-content-between align-items-center">\n              <div>\n                <strong>ACEITE DE BASTON</strong><br>\n                <small class="text-muted">Mínimo: 2.000</small>\n              </div>\n              <span class="badge bg-danger rounded-pill">0.000 en stock</span>\n            </li>\n            \n            <li class="list-group-item d-flex justify-content-between align-items-center">\n              <div>\n                <strong>aceite maja</strong><br>\n                <small class="text-muted">Mínimo: 5.000</small>\n              </div>\n              <span class="badge bg-danger rounded-pill">0.000 en stock</span>\n            </li>\n            \n            <li class="list-group-item d-flex justify-content-between align-items-center">\n              <div>\n                <strong>ACEITE MOBILE 2T</strong><br>\n                <small class="text-muted">Mínimo: 2.000</small>\n              </div>\n              <span class="badge bg-danger rounded-pill">0.000 en stock</span>\n            </li>\n            \n            <li class="list-group-item d-flex justify-content-between align-items-center">\n              <div>\n                <strong>ANILLO DE BERA SOCIALISTA</strong><br>\n                <small class="text-muted">Mínimo: 3.000</small>\n              </div>\n              <span class="badge bg-danger rounded-pill">3.000 en stock</span>\n            </li>\n            \n            <li class="list-group-item d-flex justify-content-between align-items-center">\n              <div>\n                <strong>ANILLO DE UM</strong><br>\n                <small class="text-muted">Mínimo: 1.000</small>\n              </div>\n              <span class="badge bg-danger rounded-pill">0.000 en stock</span>\n            </li>\n            \n            <li class="list-group-item d-flex justify-content-between align-items-center">\n              <div>\n                <strong>ANILLOS DE HORSE</strong><br>\n                <small class="text-muted">Mínimo: 3.000</small>\n              </div>\n              <span class="badge bg-danger rounded-pill">3.000 en stock</span>\n            </li>\n            \n            <li class="list-group-item d-flex justify-content-between align-items-center">\n              <div>\n                <strong>ANILLOS DE TX</strong><br>\n                <small class="text-muted">Mínimo: 3.000</small>\n              </div>\n              <span class="badge bg-danger rounded-pill">3.000 en stock</span>\n            </li>\n            \n            <li class="list-group-item d-flex justify-content-between align-items-center">\n              <div>\n                <strong>BALANCIN 150</strong><br>\n                <small class="text-muted">Mínimo: 5.000</small>\n              </div>\n              <span class="badge bg-danger rounded-pill">3.000 en stock</span>\n            </li>\n            \n            <li class="list-group-item d-flex justify-content-between align-items-center">\n              <div>\n                <strong>BANDA DE FRENO DE EXPRESS</strong><br>\n                <small class="text-muted">Mínimo: 1.000</small>\n              </div>\n              <span class="badge bg-danger rounded-pill">1.000 en stock</span>\n            </li>\n            \n            <li class="list-group-item d-flex justify-content-between align-items-center">\n              <div>\n                <strong>BARRA LED 18</strong><br>\n                <small class="text-muted">Mínimo: 5.000</small>\n              </div>\n              <span class="badge bg-danger rounded-pill">1.000 en stock</span>\n            </li>\n            \n            <li class="list-group-item d-flex justify-content-between align-items-center">\n              <div>\n                <strong>BARRA LED 4006</strong><br>\n                <small class="text-muted">Mínimo: 1.000</small>\n              </div>\n              <span class="badge bg-danger rounded-pill">0.000 en stock</span>\n            </li>\n            \n            <li class="list-group-item d-flex justify-content-between align-items-center">\n              <div>\n                <strong>BARRA LED CON BASE 3008</strong><br>\n                <small class="text-muted">Mínimo: 1.000</small>\n              </div>\n              <span class="badge bg-danger rounded-pill">1.000 en stock</span>\n            </li>\n            \n            <li class="list-group-item d-flex justify-content-between align-items-center">\n              <div>\n                <strong>BASE DE CROCHE SIN MANILLA OWEN</strong><br>\n                <small class="text-muted">Mínimo: 5.000</small>\n              </div>\n              <span class="badge bg-danger rounded-pill">2.000 en stock</span>\n            </li>\n            \n            <li class="list-group-item d-flex justify-content-between align-items-center">\n              <div>\n                <strong>BATERIA MOVILE SECA CG</strong><br>\n                <small class="text-muted">Mínimo: 1.000</small>\n              </div>\n              <span class="badge bg-danger rounded-pill">1.000 en stock</span>\n            </li>\n            \n            <li class="list-group-item d-flex justify-content-between align-items-center">\n              <div>\n                <strong>BOBINA DE CHISPA</strong><br>\n                <small class="text-muted">Mínimo: 2.000</small>\n              </div>\n              <span class="badge bg-danger rounded-pill">2.000 en stock</span>\n            </li>\n            \n            <li class="list-group-item d-flex justify-content-between align-items-center">\n              <div>\n                <strong>BOMBA DE AIRE</strong><br>\n                <small class="text-muted">Mínimo: 5.000</small>\n              </div>\n              <span class="badge bg-danger rounded-pill">0.000 en stock</span>\n            </li>\n            \n            <li class="list-group-item d-flex justify-content-between align-items-center">\n              <div>\n                <strong>BOMBA DE FRENO DELANTERA BERA</strong><br>\n                <small class="text-muted">Mínimo: 2.000</small>\n              </div>\n              <span class="badge bg-danger rounded-pill">2.000 en stock</span>\n            </li>\n            \n            <li class="list-group-item d-flex justify-content-between align-items-center">\n              <div>\n                <strong>BOMBA DE FRENO TRASERO DE TX Y SPEED</strong><br>\n                <small class="text-muted">Mínimo: 1.000</small>\n              </div>\n              <span class="badge bg-danger rounded-pill">1.000 en stock</span>\n            </li>\n            \n            <li class="list-group-item d-flex justify-content-between align-items-center">\n              <div>\n                <strong>BOMBA DEACEITE DE HORSE</strong><br>\n                <small class="text-muted">Mínimo: 1.000</small>\n              </div>\n              <span class="badge bg-danger rounded-pill">1.000 en stock</span>\n            </li>\n            \n            <li class="list-group-item d-flex justify-content-between align-items-center">\n              <div>\n                <strong>BOMBILLO DE 2 CONTCTO DE COLORES</strong><br>\n                <small class="text-muted">Mínimo: 5.000</small>\n              </div>\n              <span class="badge bg-danger rounded-pill">0.000 en stock</span>\n            </li>\n            \n            <li class="list-group-item d-flex justify-content-between align-items-center">\n              <div>\n                <strong>BOMBILLO DE UN CON CONTACTO</strong><br>\n                <small class="text-muted">Mínimo: 5.000</small>\n              </div>\n              <span class="badge bg-danger rounded-pill">4.000 en stock</span>\n            </li>\n            \n            <li class="list-group-item d-flex justify-content-between align-items-center">\n              <div>\n                <strong>BOMBILLO LED CVZB021</strong><br>\n                <small class="text-muted">Mínimo: 2.000</small>\n              </div>\n              <span class="badge bg-danger rounded-pill">2.000 en stock</span>\n            </li>\n            \n            <li class="list-group-item d-flex justify-content-between align-items-center">\n              <div>\n                <strong>BUJE DE HORSE</strong><br>\n                <small class="text-muted">Mínimo: 3.000</small>\n              </div>\n              <span class="badge bg-danger rounded-pill">0.000 en stock</span>\n            </li>\n            \n            <li class="list-group-item d-flex justify-content-between align-items-center">\n              <div>\n                <strong>BUJE LEON</strong><br>\n                <small class="text-muted">Mínimo: 5.000</small>\n              </div>\n              <span class="badge bg-danger rounded-pill">4.000 en stock</span>\n            </li>\n            \n            <li class="list-group-item d-flex justify-content-between align-items-center">\n              <div>\n                <strong>BURRO COMPLETO DE HORSE2</strong><br>\n                <small class="text-muted">Mínimo: 1.000</small>\n              </div>\n              <span class="badge bg-danger rounded-pill">1.000 en stock</span>\n            </li>\n            \n            <li class="list-group-item d-flex justify-content-between align-items-center">\n              <div>\n                <strong>CADENA DORADA</strong><br>\n                <small class="text-muted">Mínimo: 1.000</small>\n              </div>\n              <span class="badge bg-danger rounded-pill">0.000 en stock</span>\n            </li>\n            \n            <li class="list-group-item d-flex justify-content-between align-items-center">\n              <div>\n                <strong>CADENA DORADA SUPER REFORZADA 132</strong><br>\n                <small class="text-muted">Mínimo: 1.000</small>\n              </div>\n              <span class="badge bg-danger rounded-pill">0.000 en stock</span>\n            </li>\n            \n            <li class="list-group-item d-flex justify-content-between align-items-center">\n              <div>\n                <strong>caja 200cg</strong><br>\n                <small class="text-muted">Mínimo: 5.000</small>\n              </div>\n              <span class="badge bg-danger rounded-pill">1.000 en stock</span>\n            </li>\n            \n            <li class="list-group-item d-flex justify-content-between align-items-center">\n              <div>\n                <strong>CAJA 200TX</strong><br>\n                <small class="text-muted">Mínimo: 5.000</small>\n              </div>\n              <span class="badge bg-danger rounded-pill">1.000 en stock</span>\n            </li>\n            \n            <li class="list-group-item d-flex justify-content-between align-items-center">\n              <div>\n                <strong>CAMPANA DE CROCHE 73 DIENTES</strong><br>\n                <small class="text-muted">Mínimo: 5.000</small>\n              </div>\n              <span class="badge bg-danger rounded-pill">1.000 en stock</span>\n            </li>\n            \n            <li class="list-group-item d-flex justify-content-between align-items-center">\n              <div>\n                <strong>CARBURADOR PZ26</strong><br>\n                <small class="text-muted">Mínimo: 1.000</small>\n              </div>\n              <span class="badge bg-danger rounded-pill">1.000 en stock</span>\n            </li>\n            \n            <li class="list-group-item d-flex justify-content-between align-items-center">\n              <div>\n                <strong>CARCASA DE HORSE 2</strong><br>\n                <small class="text-muted">Mínimo: 5.000</small>\n              </div>\n              <span class="badge bg-danger rounded-pill">1.000 en stock</span>\n            </li>\n            \n            <li class="list-group-item d-flex justify-content-between align-items-center">\n              <div>\n                <strong>CAUCHO 2-75 -18 MZ518</strong><br>\n                <small class="text-muted">Mínimo: 5.000</small>\n              </div>\n              <span class="badge bg-danger rounded-pill">1.000 en stock</span>\n            </li>\n            \n            <li class="list-group-item d-flex justify-content-between align-items-center">\n              <div>\n                <strong>CDI HORSE</strong><br>\n                <small class="text-muted">Mínimo: 5.000</small>\n              </div>\n              <span class="badge bg-danger rounded-pill">1.000 en stock</span>\n            </li>\n            \n            <li class="list-group-item d-flex justify-content-between align-items-center">\n              <div>\n                <strong>CDI JAGUAR</strong><br>\n                <small class="text-muted">Mínimo: 1.000</small>\n              </div>\n              <span class="badge bg-danger rounded-pill">1.000 en stock</span>\n            </li>\n            \n            <li class="list-group-item d-flex justify-content-between align-items-center">\n              <div>\n                <strong>COCHINITO DE GN</strong><br>\n                <small class="text-muted">Mínimo: 1.000</small>\n              </div>\n              <span class="badge bg-danger rounded-pill">0.000 en stock</span>\n            </li>\n            \n            <li class="list-group-item d-flex justify-content-between align-items-center">\n              <div>\n                <strong>COLITA DE BERA</strong><br>\n                <small class="text-muted">Mínimo: 1.000</small>\n              </div>\n              <span class="badge bg-danger rounded-pill">1.000 en stock</span>\n            </li>\n            \n            <li class="list-group-item d-flex justify-content-between align-items-center">\n              <div>\n                <strong>COMBO DE GOMAS DE COLORE</strong><br>\n                <small class="text-muted">Mínimo: 3.000</small>\n              </div>\n              <span class="badge bg-danger rounded-pill">3.000 en stock</span>\n            </li>\n            \n            <li class="list-group-item d-flex justify-content-between align-items-center">\n              <div>\n                <strong>CORNETA PEQUEÑA</strong><br>\n                <small class="text-muted">Mínimo: 1.000</small>\n              </div>\n              <span class="badge bg-danger rounded-pill">0.000 en stock</span>\n            </li>\n            \n            <li class="list-group-item d-flex justify-content-between align-items-center">\n              <div>\n                <strong>CORNETA SBR</strong><br>\n                <small class="text-muted">Mínimo: 1.000</small>\n              </div>\n              <span class="badge bg-danger rounded-pill">1.000 en stock</span>\n            </li>\n            \n            <li class="list-group-item d-flex justify-content-between align-items-center">\n              <div>\n                <strong>CORONA 35</strong><br>\n                <small class="text-muted">Mínimo: 2.000</small>\n              </div>\n              <span class="badge bg-danger rounded-pill">2.000 en stock</span>\n            </li>\n            \n            <li class="list-group-item d-flex justify-content-between align-items-center">\n              <div>\n                <strong>CORONA 36</strong><br>\n                <small class="text-muted">Mínimo: 3.000</small>\n              </div>\n              <span class="badge bg-danger rounded-pill">2.000 en stock</span>\n            </li>\n            \n            <li class="list-group-item d-flex justify-content-between align-items-center">\n              <div>\n                <strong>CORONA 38</strong><br>\n                <small class="text-muted">Mínimo: 5.000</small>\n              </div>\n              <span class="badge bg-danger rounded-pill">0.000 en stock</span>\n            </li>\n            \n            <li class="list-group-item d-flex justify-content-between align-items-center">\n              <div>\n                <strong>corona 39</strong><br>\n                <small class="text-muted">Mínimo: 2.000</small>\n              </div>\n              <span class="badge bg-danger rounded-pill">0.000 en stock</span>\n            </li>\n            \n            <li class="list-group-item d-flex justify-content-between align-items-center">\n              <div>\n                <strong>CREMALLERA TX</strong><br>\n                <small class="text-muted">Mínimo: 5.000</small>\n              </div>\n              <span class="badge bg-danger rounded-pill">0.000 en stock</span>\n            </li>\n            \n            <li class="list-group-item d-flex justify-content-between align-items-center">\n              <div>\n                <strong>CROCHERA COMPLETA CG150</strong><br>\n                <small class="text-muted">Mínimo: 5.000</small>\n              </div>\n              <span class="badge bg-danger rounded-pill">0.000 en stock</span>\n            </li>\n            \n            <li class="list-group-item d-flex justify-content-between align-items-center">\n              <div>\n                <strong>DISCO CROCHE</strong><br>\n                <small class="text-muted">Mínimo: 5.000</small>\n              </div>\n              <span class="badge bg-danger rounded-pill">1.000 en stock</span>\n            </li>\n            \n            <li class="list-group-item d-flex justify-content-between align-items-center">\n              <div>\n                <strong>EJE DE ARRANQUE</strong><br>\n                <small class="text-muted">Mínimo: 2.000</small>\n              </div>\n              <span class="badge bg-danger rounded-pill">1.000 en stock</span>\n            </li>\n            \n            <li class="list-group-item d-flex justify-content-between align-items-center">\n              <div>\n                <strong>EJE DELANTEROO Y DE HORQUILLA DE GN</strong><br>\n                <small class="text-muted">Mínimo: 5.000</small>\n              </div>\n              <span class="badge bg-danger rounded-pill">3.000 en stock</span>\n            </li>\n            \n            <li class="list-group-item d-flex justify-content-between align-items-center">\n              <div>\n                <strong>EJE PIÑON CORTO</strong><br>\n                <small class="text-muted">Mínimo: 5.000</small>\n              </div>\n              <span class="badge bg-danger rounded-pill">0.000 en stock</span>\n            </li>\n            \n            <li class="list-group-item d-flex justify-content-between align-items-center">\n              <div>\n                <strong>EJE PIÑON LARGO</strong><br>\n                <small class="text-muted">Mínimo: 5.000</small>\n              </div>\n              <span class="badge bg-danger rounded-pill">1.000 en stock</span>\n            </li>\n            \n            <li class="list-group-item d-flex justify-content-between align-items-center">\n              <div>\n                <strong>EJE TRASERO DE HORSE</strong><br>\n                <small class="text-muted">Mínimo: 5.000</small>\n              </div>\n              <span class="badge bg-danger rounded-pill">5.000 en stock</span>\n            </li>\n            \n            <li class="list-group-item d-flex justify-content-between align-items-center">\n              <div>\n                <strong>ELEVADOR DE AMORTIGUADOR</strong><br>\n                <small class="text-muted">Mínimo: 2.000</small>\n              </div>\n              <span class="badge bg-danger rounded-pill">2.000 en stock</span>\n            </li>\n            \n            <li class="list-group-item d-flex justify-content-between align-items-center">\n              <div>\n                <strong>EMBOBINADO 5C MOBILE</strong><br>\n                <small class="text-muted">Mínimo: 2.000</small>\n              </div>\n              <span class="badge bg-danger rounded-pill">0.000 en stock</span>\n            </li>\n            \n            <li class="list-group-item d-flex justify-content-between align-items-center">\n              <div>\n                <strong>EMBOBINADO HORSE DE LATA MEGZUKY</strong><br>\n                <small class="text-muted">Mínimo: 2.000</small>\n              </div>\n              <span class="badge bg-danger rounded-pill">0.000 en stock</span>\n            </li>\n            \n            <li class="list-group-item d-flex justify-content-between align-items-center">\n              <div>\n                <strong>EMBOBINDO 5C MEGA ZUKI</strong><br>\n                <small class="text-muted">Mínimo: 1.000</small>\n              </div>\n              <span class="badge bg-danger rounded-pill">1.000 en stock</span>\n            </li>\n            \n            <li class="list-group-item d-flex justify-content-between align-items-center">\n              <div>\n                <strong>EMPACADURA DE ARSEN2</strong><br>\n                <small class="text-muted">Mínimo: 5.000</small>\n              </div>\n              <span class="badge bg-danger rounded-pill">1.000 en stock</span>\n            </li>\n            \n            <li class="list-group-item d-flex justify-content-between align-items-center">\n              <div>\n                <strong>EMPACADURA DE CARBURADOR</strong><br>\n                <small class="text-muted">Mínimo: 3.000</small>\n              </div>\n              <span class="badge bg-danger rounded-pill">0.000 en stock</span>\n            </li>\n            \n            <li class="list-group-item d-flex justify-content-between align-items-center">\n              <div>\n                <strong>EMPACADURA DE CG200</strong><br>\n                <small class="text-muted">Mínimo: 2.000</small>\n              </div>\n              <span class="badge bg-danger rounded-pill">1.000 en stock</span>\n            </li>\n            \n            <li class="list-group-item d-flex justify-content-between align-items-center">\n              <div>\n                <strong>EMPACADURA DEL TUBO DE ESCAPE</strong><br>\n                <small class="text-muted">Mínimo: 3.000</small>\n              </div>\n              <span class="badge bg-danger rounded-pill">0.000 en stock</span>\n            </li>\n            \n            <li class="list-group-item d-flex justify-content-between align-items-center">\n              <div>\n                <strong>EMPCADURA BERA SOCIALISTA CONTRAPESA</strong><br>\n                <small class="text-muted">Mínimo: 1.000</small>\n              </div>\n              <span class="badge bg-danger rounded-pill">0.000 en stock</span>\n            </li>\n            \n            <li class="list-group-item d-flex justify-content-between align-items-center">\n              <div>\n                <strong>ESPARRAGO</strong><br>\n                <small class="text-muted">Mínimo: 1.000</small>\n              </div>\n              <span class="badge bg-danger rounded-pill">1.000 en stock</span>\n            </li>\n            \n            <li class="list-group-item d-flex justify-content-between align-items-center">\n              <div>\n                <strong>ESTOPERA BASTON OWEN</strong><br>\n                <small class="text-muted">Mínimo: 5.000</small>\n              </div>\n              <span class="badge bg-danger rounded-pill">0.000 en stock</span>\n            </li>\n            \n            <li class="list-group-item d-flex justify-content-between align-items-center">\n              <div>\n                <strong>ESTOPERA DE BASTON DE HORSE</strong><br>\n                <small class="text-muted">Mínimo: 5.000</small>\n              </div>\n              <span class="badge bg-danger rounded-pill">2.000 en stock</span>\n            </li>\n            \n            <li class="list-group-item d-flex justify-content-between align-items-center">\n              <div>\n                <strong>ESTOPERA DE BASTON SPI</strong><br>\n                <small class="text-muted">Mínimo: 2.000</small>\n              </div>\n              <span class="badge bg-danger rounded-pill">0.000 en stock</span>\n            </li>\n            \n            <li class="list-group-item d-flex justify-content-between align-items-center">\n              <div>\n                <strong>estopera de motor cg 150</strong><br>\n                <small class="text-muted">Mínimo: 3.000</small>\n              </div>\n              <span class="badge bg-danger rounded-pill">3.000 en stock</span>\n            </li>\n            \n            <li class="list-group-item d-flex justify-content-between align-items-center">\n              <div>\n                <strong>estopera de motor de tx 200</strong><br>\n                <small class="text-muted">Mínimo: 5.000</small>\n              </div>\n              <span class="badge bg-danger rounded-pill">3.000 en stock</span>\n            </li>\n            \n            <li class="list-group-item d-flex justify-content-between align-items-center">\n              <div>\n                <strong>FARO INTERNO CUADRADO</strong><br>\n                <small class="text-muted">Mínimo: 1.000</small>\n              </div>\n              <span class="badge bg-danger rounded-pill">1.000 en stock</span>\n            </li>\n            \n            <li class="list-group-item d-flex justify-content-between align-items-center">\n              <div>\n                <strong>FARO LED 4005</strong><br>\n                <small class="text-muted">Mínimo: 5.000</small>\n              </div>\n              <span class="badge bg-danger rounded-pill">2.000 en stock</span>\n            </li>\n            \n            <li class="list-group-item d-flex justify-content-between align-items-center">\n              <div>\n                <strong>FARO LED ANTI NIEBLA</strong><br>\n                <small class="text-muted">Mínimo: 5.000</small>\n              </div>\n              <span class="badge bg-danger rounded-pill">1.000 en stock</span>\n            </li>\n            \n            <li class="list-group-item d-flex justify-content-between align-items-center">\n              <div>\n                <strong>FARO LED MZ 1011</strong><br>\n                <small class="text-muted">Mínimo: 5.000</small>\n              </div>\n              <span class="badge bg-danger rounded-pill">1.000 en stock</span>\n            </li>\n            \n            <li class="list-group-item d-flex justify-content-between align-items-center">\n              <div>\n                <strong>FILTRO CONICO UNUVERSAL</strong><br>\n                <small class="text-muted">Mínimo: 3.000</small>\n              </div>\n              <span class="badge bg-danger rounded-pill">1.000 en stock</span>\n            </li>\n            \n            <li class="list-group-item d-flex justify-content-between align-items-center">\n              <div>\n                <strong>FORRO DE ASIENTO ARSEN2</strong><br>\n                <small class="text-muted">Mínimo: 5.000</small>\n              </div>\n              <span class="badge bg-danger rounded-pill">1.000 en stock</span>\n            </li>\n            \n            <li class="list-group-item d-flex justify-content-between align-items-center">\n              <div>\n                <strong>FORRO DE ASIENTO DE HORSE</strong><br>\n                <small class="text-muted">Mínimo: 5.000</small>\n              </div>\n              <span class="badge bg-danger rounded-pill">3.000 en stock</span>\n            </li>\n            \n            <li class="list-group-item d-flex justify-content-between align-items-center">\n              <div>\n                <strong>FUSILERA CON FUSIBLE</strong><br>\n                <small class="text-muted">Mínimo: 5.000</small>\n              </div>\n              <span class="badge bg-danger rounded-pill">0.000 en stock</span>\n            </li>\n            \n            <li class="list-group-item d-flex justify-content-between align-items-center">\n              <div>\n                <strong>GOMAS DE MANILLAS</strong><br>\n                <small class="text-muted">Mínimo: 1.000</small>\n              </div>\n              <span class="badge bg-danger rounded-pill">1.000 en stock</span>\n            </li>\n            \n            <li class="list-group-item d-flex justify-content-between align-items-center">\n              <div>\n                <strong>GOMAS DE PATA DE CAMBIO</strong><br>\n                <small class="text-muted">Mínimo: 1.000</small>\n              </div>\n              <span class="badge bg-danger rounded-pill">1.000 en stock</span>\n            </li>\n            \n            <li class="list-group-item d-flex justify-content-between align-items-center">\n              <div>\n                <strong>GOMAS DE PORTA corona universal</strong><br>\n                <small class="text-muted">Mínimo: 1.000</small>\n              </div>\n              <span class="badge bg-danger rounded-pill">1.000 en stock</span>\n            </li>\n            \n            <li class="list-group-item d-flex justify-content-between align-items-center">\n              <div>\n                <strong>GOMAS DE PORTA CORONA MEGAZUKY</strong><br>\n                <small class="text-muted">Mínimo: 5.000</small>\n              </div>\n              <span class="badge bg-danger rounded-pill">4.000 en stock</span>\n            </li>\n            \n            <li class="list-group-item d-flex justify-content-between align-items-center">\n              <div>\n                <strong>GOMAS DE TANQUE DE HORSE</strong><br>\n                <small class="text-muted">Mínimo: 2.000</small>\n              </div>\n              <span class="badge bg-danger rounded-pill">2.000 en stock</span>\n            </li>\n            \n            <li class="list-group-item d-flex justify-content-between align-items-center">\n              <div>\n                <strong>GOMAS DE TAPA</strong><br>\n                <small class="text-muted">Mínimo: 5.000</small>\n              </div>\n              <span class="badge bg-danger rounded-pill">1.000 en stock</span>\n            </li>\n            \n            <li class="list-group-item d-flex justify-content-between align-items-center">\n              <div>\n                <strong>GRASA DE ESMERILAR</strong><br>\n                <small class="text-muted">Mínimo: 5.000</small>\n              </div>\n              <span class="badge bg-danger rounded-pill">2.000 en stock</span>\n            </li>\n            \n            <li class="list-group-item d-flex justify-content-between align-items-center">\n              <div>\n                <strong>GUARDAFANGO DE SOCILAISTA</strong><br>\n                <small class="text-muted">Mínimo: 2.000</small>\n              </div>\n              <span class="badge bg-danger rounded-pill">1.000 en stock</span>\n            </li>\n            \n            <li class="list-group-item d-flex justify-content-between align-items-center">\n              <div>\n                <strong>GUAYA CROCHE EK JORSE</strong><br>\n                <small class="text-muted">Mínimo: 5.000</small>\n              </div>\n              <span class="badge bg-danger rounded-pill">1.000 en stock</span>\n            </li>\n            \n            <li class="list-group-item d-flex justify-content-between align-items-center">\n              <div>\n                <strong>GUAYA DE ACELERACION DE OWEN</strong><br>\n                <small class="text-muted">Mínimo: 5.000</small>\n              </div>\n              <span class="badge bg-danger rounded-pill">2.000 en stock</span>\n            </li>\n            \n            <li class="list-group-item d-flex justify-content-between align-items-center">\n              <div>\n                <strong>GUAYA DE ACELERACION DE TX</strong><br>\n                <small class="text-muted">Mínimo: 2.000</small>\n              </div>\n              <span class="badge bg-danger rounded-pill">2.000 en stock</span>\n            </li>\n            \n            <li class="list-group-item d-flex justify-content-between align-items-center">\n              <div>\n                <strong>GUAYA DE ACELERACION DE UM-BERA Y SKY</strong><br>\n                <small class="text-muted">Mínimo: 1.000</small>\n              </div>\n              <span class="badge bg-danger rounded-pill">0.000 en stock</span>\n            </li>\n            \n            <li class="list-group-item d-flex justify-content-between align-items-center">\n              <div>\n                <strong>GUAYA DE CROCHE DE ARSEN 2</strong><br>\n                <small class="text-muted">Mínimo: 2.000</small>\n              </div>\n              <span class="badge bg-danger rounded-pill">2.000 en stock</span>\n            </li>\n            \n            <li class="list-group-item d-flex justify-content-between align-items-center">\n              <div>\n                <strong>GUAYA DE CROCHE EK-EXPRESS</strong><br>\n                <small class="text-muted">Mínimo: 2.000</small>\n              </div>\n              <span class="badge bg-danger rounded-pill">1.000 en stock</span>\n            </li>\n            \n            <li class="list-group-item d-flex justify-content-between align-items-center">\n              <div>\n                <strong>GUAYA DE CROCHE HORSE</strong><br>\n                <small class="text-muted">Mínimo: 1.000</small>\n              </div>\n              <span class="badge bg-danger rounded-pill">1.000 en stock</span>\n            </li>\n            \n            <li class="list-group-item d-flex justify-content-between align-items-center">\n              <div>\n                <strong>GUAYA DE CROCHE SOCIALISTA</strong><br>\n                <small class="text-muted">Mínimo: 1.000</small>\n              </div>\n              <span class="badge bg-danger rounded-pill">1.000 en stock</span>\n            </li>\n            \n            <li class="list-group-item d-flex justify-content-between align-items-center">\n              <div>\n                <strong>GUAYA RECORDATORIA FUSCIA</strong><br>\n                <small class="text-muted">Mínimo: 1.000</small>\n              </div>\n              <span class="badge bg-danger rounded-pill">0.000 en stock</span>\n            </li>\n            \n            <li class="list-group-item d-flex justify-content-between align-items-center">\n              <div>\n                <strong>GUAYA RECORDATORIA MORADA</strong><br>\n                <small class="text-muted">Mínimo: 1.000</small>\n              </div>\n              <span class="badge bg-danger rounded-pill">0.000 en stock</span>\n            </li>\n            \n            <li class="list-group-item d-flex justify-content-between align-items-center">\n              <div>\n                <strong>GUAYA RECORDTORIA AZUL</strong><br>\n                <small class="text-muted">Mínimo: 1.000</small>\n              </div>\n              <span class="badge bg-danger rounded-pill">0.000 en stock</span>\n            </li>\n            \n            <li class="list-group-item d-flex justify-content-between align-items-center">\n              <div>\n                <strong>GUIA DE VALVULA</strong><br>\n                <small class="text-muted">Mínimo: 2.000</small>\n              </div>\n              <span class="badge bg-danger rounded-pill">0.000 en stock</span>\n            </li>\n            \n            <li class="list-group-item d-flex justify-content-between align-items-center">\n              <div>\n                <strong>KIT DE CAMARA DE HORSE</strong><br>\n                <small class="text-muted">Mínimo: 1.000</small>\n              </div>\n              <span class="badge bg-danger rounded-pill">0.000 en stock</span>\n            </li>\n            \n            <li class="list-group-item d-flex justify-content-between align-items-center">\n              <div>\n                <strong>KIT DE REPRACION DE CALIPER</strong><br>\n                <small class="text-muted">Mínimo: 1.000</small>\n              </div>\n              <span class="badge bg-danger rounded-pill">1.000 en stock</span>\n            </li>\n            \n            <li class="list-group-item d-flex justify-content-between align-items-center">\n              <div>\n                <strong>KIT DE TERCERA 150</strong><br>\n                <small class="text-muted">Mínimo: 1.000</small>\n              </div>\n              <span class="badge bg-danger rounded-pill">1.000 en stock</span>\n            </li>\n            \n            <li class="list-group-item d-flex justify-content-between align-items-center">\n              <div>\n                <strong>LEVA DE FRENO HORSE1</strong><br>\n                <small class="text-muted">Mínimo: 1.000</small>\n              </div>\n              <span class="badge bg-danger rounded-pill">0.000 en stock</span>\n            </li>\n            \n            <li class="list-group-item d-flex justify-content-between align-items-center">\n              <div>\n                <strong>llave de gasolina de ek jorse</strong><br>\n                <small class="text-muted">Mínimo: 1.000</small>\n              </div>\n              <span class="badge bg-danger rounded-pill">0.000 en stock</span>\n            </li>\n            \n            <li class="list-group-item d-flex justify-content-between align-items-center">\n              <div>\n                <strong>LLAVE DE GASOLINA DE HORSE</strong><br>\n                <small class="text-muted">Mínimo: 2.000</small>\n              </div>\n              <span class="badge bg-danger rounded-pill">0.000 en stock</span>\n            </li>\n            \n            <li class="list-group-item d-flex justify-content-between align-items-center">\n              <div>\n                <strong>LLAVERO DE ESPIRAL</strong><br>\n                <small class="text-muted">Mínimo: 2.000</small>\n              </div>\n              <span class="badge bg-danger rounded-pill">1.000 en stock</span>\n            </li>\n            \n            <li class="list-group-item d-flex justify-content-between align-items-center">\n              <div>\n                <strong>MANDO DE HORSE</strong><br>\n                <small class="text-muted">Mínimo: 1.000</small>\n              </div>\n              <span class="badge bg-danger rounded-pill">0.000 en stock</span>\n            </li>\n            \n            <li class="list-group-item d-flex justify-content-between align-items-center">\n              <div>\n                <strong>MANILLA CROCHE DE HORSE</strong><br>\n                <small class="text-muted">Mínimo: 3.000</small>\n              </div>\n              <span class="badge bg-danger rounded-pill">0.000 en stock</span>\n            </li>\n            \n            <li class="list-group-item d-flex justify-content-between align-items-center">\n              <div>\n                <strong>MANILLA DE CROCHE CON BASE</strong><br>\n                <small class="text-muted">Mínimo: 4.000</small>\n              </div>\n              <span class="badge bg-danger rounded-pill">3.000 en stock</span>\n            </li>\n            \n            <li class="list-group-item d-flex justify-content-between align-items-center">\n              <div>\n                <strong>manilla de croche socialista</strong><br>\n                <small class="text-muted">Mínimo: 2.000</small>\n              </div>\n              <span class="badge bg-danger rounded-pill">2.000 en stock</span>\n            </li>\n            \n            <li class="list-group-item d-flex justify-content-between align-items-center">\n              <div>\n                <strong>MANILLA DE FRENO DE BERA</strong><br>\n                <small class="text-muted">Mínimo: 2.000</small>\n              </div>\n              <span class="badge bg-danger rounded-pill">0.000 en stock</span>\n            </li>\n            \n            <li class="list-group-item d-flex justify-content-between align-items-center">\n              <div>\n                <strong>MANILLA DE FRENO GN</strong><br>\n                <small class="text-muted">Mínimo: 3.000</small>\n              </div>\n              <span class="badge bg-danger rounded-pill">1.000 en stock</span>\n            </li>\n            \n            <li class="list-group-item d-flex justify-content-between align-items-center">\n              <div>\n                <strong>MARTILLERA NORMAL</strong><br>\n                <small class="text-muted">Mínimo: 2.000</small>\n              </div>\n              <span class="badge bg-danger rounded-pill">2.000 en stock</span>\n            </li>\n            \n            <li class="list-group-item d-flex justify-content-between align-items-center">\n              <div>\n                <strong>MARTILLERA REFORZDA</strong><br>\n                <small class="text-muted">Mínimo: 3.000</small>\n              </div>\n              <span class="badge bg-danger rounded-pill">2.000 en stock</span>\n            </li>\n            \n            <li class="list-group-item d-flex justify-content-between align-items-center">\n              <div>\n                <strong>PANEL LED LARGO DE COLORES</strong><br>\n                <small class="text-muted">Mínimo: 1.000</small>\n              </div>\n              <span class="badge bg-danger rounded-pill">1.000 en stock</span>\n            </li>\n            \n            <li class="list-group-item d-flex justify-content-between align-items-center">\n              <div>\n                <strong>PANEL LED ROJO</strong><br>\n                <small class="text-muted">Mínimo: 4.000</small>\n              </div>\n              <span class="badge bg-danger rounded-pill">2.000 en stock</span>\n            </li>\n            \n            <li class="list-group-item d-flex justify-content-between align-items-center">\n              <div>\n                <strong>PATA DE ARRANQUE DE TX</strong><br>\n                <small class="text-muted">Mínimo: 1.000</small>\n              </div>\n              <span class="badge bg-danger rounded-pill">0.000 en stock</span>\n            </li>\n            \n            <li class="list-group-item d-flex justify-content-between align-items-center">\n              <div>\n                <strong>PATA DE ARRANQUE HORSE</strong><br>\n                <small class="text-muted">Mínimo: 5.000</small>\n              </div>\n              <span class="badge bg-danger rounded-pill">3.000 en stock</span>\n            </li>\n            \n            <li class="list-group-item d-flex justify-content-between align-items-center">\n              <div>\n                <strong>PATA DE CAMBIO DE HORSE</strong><br>\n                <small class="text-muted">Mínimo: 5.000</small>\n              </div>\n              <span class="badge bg-danger rounded-pill">0.000 en stock</span>\n            </li>\n            \n            <li class="list-group-item d-flex justify-content-between align-items-center">\n              <div>\n                <strong>PATA DE CAMBIO DE TX</strong><br>\n                <small class="text-muted">Mínimo: 1.000</small>\n              </div>\n              <span class="badge bg-danger rounded-pill">1.000 en stock</span>\n            </li>\n            \n            <li class="list-group-item d-flex justify-content-between align-items-center">\n              <div>\n                <strong>PATA DE FRENO DE OWEN</strong><br>\n                <small class="text-muted">Mínimo: 1.000</small>\n              </div>\n              <span class="badge bg-danger rounded-pill">1.000 en stock</span>\n            </li>\n            \n            <li class="list-group-item d-flex justify-content-between align-items-center">\n              <div>\n                <strong>PISTA DE VOLANTE DE ARSE</strong><br>\n                <small class="text-muted">Mínimo: 1.000</small>\n              </div>\n              <span class="badge bg-danger rounded-pill">1.000 en stock</span>\n            </li>\n            \n            <li class="list-group-item d-flex justify-content-between align-items-center">\n              <div>\n                <strong>pista de volante de tx</strong><br>\n                <small class="text-muted">Mínimo: 1.000</small>\n              </div>\n              <span class="badge bg-danger rounded-pill">1.000 en stock</span>\n            </li>\n            \n            <li class="list-group-item d-flex justify-content-between align-items-center">\n              <div>\n                <strong>PISTON CG150 JAGUAR</strong><br>\n                <small class="text-muted">Mínimo: 2.000</small>\n              </div>\n              <span class="badge bg-danger rounded-pill">1.000 en stock</span>\n            </li>\n            \n            <li class="list-group-item d-flex justify-content-between align-items-center">\n              <div>\n                <strong>PORTA BANDA DE HORSE</strong><br>\n                <small class="text-muted">Mínimo: 1.000</small>\n              </div>\n              <span class="badge bg-danger rounded-pill">1.000 en stock</span>\n            </li>\n            \n            <li class="list-group-item d-flex justify-content-between align-items-center">\n              <div>\n                <strong>PORTA CORONA BERA</strong><br>\n                <small class="text-muted">Mínimo: 5.000</small>\n              </div>\n              <span class="badge bg-danger rounded-pill">3.000 en stock</span>\n            </li>\n            \n            <li class="list-group-item d-flex justify-content-between align-items-center">\n              <div>\n                <strong>PORTA PLACA ALUMINIO</strong><br>\n                <small class="text-muted">Mínimo: 5.000</small>\n              </div>\n              <span class="badge bg-danger rounded-pill">0.000 en stock</span>\n            </li>\n            \n            <li class="list-group-item d-flex justify-content-between align-items-center">\n              <div>\n                <strong>PORTA PLACA ROJO PLASTICO</strong><br>\n                <small class="text-muted">Mínimo: 2.000</small>\n              </div>\n              <span class="badge bg-danger rounded-pill">1.000 en stock</span>\n            </li>\n            \n            <li class="list-group-item d-flex justify-content-between align-items-center">\n              <div>\n                <strong>POSA PIE DE HORSE</strong><br>\n                <small class="text-muted">Mínimo: 2.000</small>\n              </div>\n              <span class="badge bg-danger rounded-pill">0.000 en stock</span>\n            </li>\n            \n            <li class="list-group-item d-flex justify-content-between align-items-center">\n              <div>\n                <strong>PRENSA CADENA DE HORSE</strong><br>\n                <small class="text-muted">Mínimo: 1.000</small>\n              </div>\n              <span class="badge bg-danger rounded-pill">0.000 en stock</span>\n            </li>\n            \n            <li class="list-group-item d-flex justify-content-between align-items-center">\n              <div>\n                <strong>PRENSA CADENA LEON</strong><br>\n                <small class="text-muted">Mínimo: 1.000</small>\n              </div>\n              <span class="badge bg-danger rounded-pill">1.000 en stock</span>\n            </li>\n            \n            <li class="list-group-item d-flex justify-content-between align-items-center">\n              <div>\n                <strong>PROTECTOR DE CALIPER</strong><br>\n                <small class="text-muted">Mínimo: 2.000</small>\n              </div>\n              <span class="badge bg-danger rounded-pill">1.000 en stock</span>\n            </li>\n            \n            <li class="list-group-item d-flex justify-content-between align-items-center">\n              <div>\n                <strong>PROTECTOR DE DISCO DE FRENO</strong><br>\n                <small class="text-muted">Mínimo: 1.000</small>\n              </div>\n              <span class="badge bg-danger rounded-pill">1.000 en stock</span>\n            </li>\n            \n            <li class="list-group-item d-flex justify-content-between align-items-center">\n              <div>\n                <strong>PRTECTOR DE ZAPATO</strong><br>\n                <small class="text-muted">Mínimo: 1.000</small>\n              </div>\n              <span class="badge bg-danger rounded-pill">1.000 en stock</span>\n            </li>\n            \n            <li class="list-group-item d-flex justify-content-between align-items-center">\n              <div>\n                <strong>PUÑOS DECORATIVOS DOMINO</strong><br>\n                <small class="text-muted">Mínimo: 2.000</small>\n              </div>\n              <span class="badge bg-danger rounded-pill">1.000 en stock</span>\n            </li>\n            \n            <li class="list-group-item d-flex justify-content-between align-items-center">\n              <div>\n                <strong>PUÑOS DECORATIVOS JRP</strong><br>\n                <small class="text-muted">Mínimo: 5.000</small>\n              </div>\n              <span class="badge bg-danger rounded-pill">1.000 en stock</span>\n            </li>\n            \n            <li class="list-group-item d-flex justify-content-between align-items-center">\n              <div>\n                <strong>RAYA CARRO AZUL</strong><br>\n                <small class="text-muted">Mínimo: 2.000</small>\n              </div>\n              <span class="badge bg-danger rounded-pill">1.000 en stock</span>\n            </li>\n            \n            <li class="list-group-item d-flex justify-content-between align-items-center">\n              <div>\n                <strong>REGULADOR 4 CABLES</strong><br>\n                <small class="text-muted">Mínimo: 1.000</small>\n              </div>\n              <span class="badge bg-danger rounded-pill">0.000 en stock</span>\n            </li>\n            \n            <li class="list-group-item d-flex justify-content-between align-items-center">\n              <div>\n                <strong>REGULADOR DE GN</strong><br>\n                <small class="text-muted">Mínimo: 2.000</small>\n              </div>\n              <span class="badge bg-danger rounded-pill">1.000 en stock</span>\n            </li>\n            \n            <li class="list-group-item d-flex justify-content-between align-items-center">\n              <div>\n                <strong>REGULADOR DE HORSE</strong><br>\n                <small class="text-muted">Mínimo: 2.000</small>\n              </div>\n              <span class="badge bg-danger rounded-pill">1.000 en stock</span>\n            </li>\n            \n            <li class="list-group-item d-flex justify-content-between align-items-center">\n              <div>\n                <strong>REGULADOR DSE TX</strong><br>\n                <small class="text-muted">Mínimo: 3.000</small>\n              </div>\n              <span class="badge bg-danger rounded-pill">1.000 en stock</span>\n            </li>\n            \n            <li class="list-group-item d-flex justify-content-between align-items-center">\n              <div>\n                <strong>RESORTE DEL BURRO</strong><br>\n                <small class="text-muted">Mínimo: 2.000</small>\n              </div>\n              <span class="badge bg-danger rounded-pill">0.000 en stock</span>\n            </li>\n            \n            <li class="list-group-item d-flex justify-content-between align-items-center">\n              <div>\n                <strong>RETROVISOR DE HORCE PLATEADO</strong><br>\n                <small class="text-muted">Mínimo: 2.000</small>\n              </div>\n              <span class="badge bg-danger rounded-pill">1.000 en stock</span>\n            </li>\n            \n            <li class="list-group-item d-flex justify-content-between align-items-center">\n              <div>\n                <strong>RETROVISOR DE TX</strong><br>\n                <small class="text-muted">Mínimo: 1.000</small>\n              </div>\n              <span class="badge bg-danger rounded-pill">1.000 en stock</span>\n            </li>\n            \n            <li class="list-group-item d-flex justify-content-between align-items-center">\n              <div>\n                <strong>RODAJE DORADO</strong><br>\n                <small class="text-muted">Mínimo: 2.000</small>\n              </div>\n              <span class="badge bg-danger rounded-pill">1.000 en stock</span>\n            </li>\n            \n            <li class="list-group-item d-flex justify-content-between align-items-center">\n              <div>\n                <strong>ROLINERA 6202</strong><br>\n                <small class="text-muted">Mínimo: 6.000</small>\n              </div>\n              <span class="badge bg-danger rounded-pill">6.000 en stock</span>\n            </li>\n            \n            <li class="list-group-item d-flex justify-content-between align-items-center">\n              <div>\n                <strong>ROLINERA 6204</strong><br>\n                <small class="text-muted">Mínimo: 5.000</small>\n              </div>\n              <span class="badge bg-danger rounded-pill">4.000 en stock</span>\n            </li>\n            \n            <li class="list-group-item d-flex justify-content-between align-items-center">\n              <div>\n                <strong>ROLINERA DE CAJA</strong><br>\n                <small class="text-muted">Mínimo: 2.000</small>\n              </div>\n              <span class="badge bg-danger rounded-pill">2.000 en stock</span>\n            </li>\n            \n            <li class="list-group-item d-flex justify-content-between align-items-center">\n              <div>\n                <strong>ROMPE DIENTE AJUSTABLE</strong><br>\n                <small class="text-muted">Mínimo: 5.000</small>\n              </div>\n              <span class="badge bg-danger rounded-pill">1.000 en stock</span>\n            </li>\n            \n            <li class="list-group-item d-flex justify-content-between align-items-center">\n              <div>\n                <strong>ROMPE DIENTE AZUL</strong><br>\n                <small class="text-muted">Mínimo: 1.000</small>\n              </div>\n              <span class="badge bg-danger rounded-pill">1.000 en stock</span>\n            </li>\n            \n            <li class="list-group-item d-flex justify-content-between align-items-center">\n              <div>\n                <strong>SEPARADOR DE DISCO DE CROCHE</strong><br>\n                <small class="text-muted">Mínimo: 2.000</small>\n              </div>\n              <span class="badge bg-danger rounded-pill">1.000 en stock</span>\n            </li>\n            \n            <li class="list-group-item d-flex justify-content-between align-items-center">\n              <div>\n                <strong>SILICON MEGAGREY</strong><br>\n                <small class="text-muted">Mínimo: 2.000</small>\n              </div>\n              <span class="badge bg-danger rounded-pill">1.000 en stock</span>\n            </li>\n            \n            <li class="list-group-item d-flex justify-content-between align-items-center">\n              <div>\n                <strong>SOCATE DE TRES PATA</strong><br>\n                <small class="text-muted">Mínimo: 1.000</small>\n              </div>\n              <span class="badge bg-danger rounded-pill">0.000 en stock</span>\n            </li>\n            \n            <li class="list-group-item d-flex justify-content-between align-items-center">\n              <div>\n                <strong>SUAVIZADOR DE CROCHE</strong><br>\n                <small class="text-muted">Mínimo: 1.000</small>\n              </div>\n              <span class="badge bg-danger rounded-pill">1.000 en stock</span>\n            </li>\n            \n            <li class="list-group-item d-flex justify-content-between align-items-center">\n              <div>\n                <strong>SUICHERA DE JAGUAR</strong><br>\n                <small class="text-muted">Mínimo: 2.000</small>\n              </div>\n              <span class="badge bg-danger rounded-pill">1.000 en stock</span>\n            </li>\n            \n            <li class="list-group-item d-flex justify-content-between align-items-center">\n              <div>\n                <strong>SUICHERA DE OWEN</strong><br>\n                <small class="text-muted">Mínimo: 1.000</small>\n              </div>\n              <span class="badge bg-danger rounded-pill">1.000 en stock</span>\n            </li>\n            \n            <li class="list-group-item d-flex justify-content-between align-items-center">\n              <div>\n                <strong>TEIPE FC</strong><br>\n                <small class="text-muted">Mínimo: 2.000</small>\n              </div>\n              <span class="badge bg-danger rounded-pill">0.000 en stock</span>\n            </li>\n            \n            <li class="list-group-item d-flex justify-content-between align-items-center">\n              <div>\n                <strong>TORNILLOS DE CORONA</strong><br>\n                <small class="text-muted">Mínimo: 2.000</small>\n              </div>\n              <span class="badge bg-danger rounded-pill">1.000 en stock</span>\n            </li>\n            \n            <li class="list-group-item d-flex justify-content-between align-items-center">\n              <div>\n                <strong>tranca piñon</strong><br>\n                <small class="text-muted">Mínimo: 2.000</small>\n              </div>\n              <span class="badge bg-danger rounded-pill">2.000 en stock</span>\n            </li>\n            \n            <li class="list-group-item d-flex justify-content-between align-items-center">\n              <div>\n                <strong>TRIPA 11090-16</strong><br>\n                <small class="text-muted">Mínimo: 2.000</small>\n              </div>\n              <span class="badge bg-danger rounded-pill">0.000 en stock</span>\n            </li>\n            \n            <li class="list-group-item d-flex justify-content-between align-items-center">\n              <div>\n                <strong>TRIPA 19</strong><br>\n                <small class="text-muted">Mínimo: 2.000</small>\n              </div>\n              <span class="badge bg-danger rounded-pill">1.000 en stock</span>\n            </li>\n            \n            <li class="list-group-item d-flex justify-content-between align-items-center">\n              <div>\n                <strong>TRIPA 300-17</strong><br>\n                <small class="text-muted">Mínimo: 1.000</small>\n              </div>\n              <span class="badge bg-danger rounded-pill">0.000 en stock</span>\n            </li>\n            \n            <li class="list-group-item d-flex justify-content-between align-items-center">\n              <div>\n                <strong>TRIPA 4-60-17</strong><br>\n                <small class="text-muted">Mínimo: 2.000</small>\n              </div>\n              <span class="badge bg-danger rounded-pill">2.000 en stock</span>\n            </li>\n            \n            <li class="list-group-item d-flex justify-content-between align-items-center">\n              <div>\n                <strong>VALVULA CAÑON CORTO 200</strong><br>\n                <small class="text-muted">Mínimo: 2.000</small>\n              </div>\n              <span class="badge bg-danger rounded-pill">2.000 en stock</span>\n            </li>\n            \n            <li class="list-group-item d-flex justify-content-between align-items-center">\n              <div>\n                <strong>VALVULA DE FRENO DELANTERA</strong><br>\n                <small class="text-muted">Mínimo: 3.000</small>\n              </div>\n              <span class="badge bg-danger rounded-pill">1.000 en stock</span>\n            </li>\n            \n            <li class="list-group-item d-flex justify-content-between align-items-center">\n              <div>\n                <strong>VALVULA DE FRENO TRASERO</strong><br>\n                <small class="text-muted">Mínimo: 3.000</small>\n              </div>\n              <span class="badge bg-danger rounded-pill">2.000 en stock</span>\n            </li>\n            \n            <li class="list-group-item d-flex justify-content-between align-items-center">\n              <div>\n                <strong>VARILLA DE FRENO DE SBR</strong><br>\n                <small class="text-muted">Mínimo: 1.000</small>\n              </div>\n              <span class="badge bg-danger rounded-pill">0.000 en stock</span>\n            </li>\n            \n            <li class="list-group-item d-flex justify-content-between align-items-center">\n              <div>\n                <strong>ACEITE  IDEAL 900</strong><br>\n                <small class="text-muted">Mínimo: 3.000</small>\n              </div>\n              <span class="badge bg-danger rounded-pill">1.000 en stock</span>\n            </li>\n            \n            <li class="list-group-item d-flex justify-content-between align-items-center">\n              <div>\n                <strong>ACEITE PAMPA</strong><br>\n                <small class="text-muted">Mínimo: 2.000</small>\n              </div>\n              <span class="badge bg-danger rounded-pill">0.000 en stock</span>\n            </li>\n            \n            <li class="list-group-item d-flex justify-content-between align-items-center">\n              <div>\n                <strong>AVENA PANTERA</strong><br>\n                <small class="text-muted">Mínimo: 2.000</small>\n              </div>\n              <span class="badge bg-danger rounded-pill">0.000 en stock</span>\n            </li>\n            \n            <li class="list-group-item d-flex justify-content-between align-items-center">\n              <div>\n                <strong>AXION CREMA</strong><br>\n                <small class="text-muted">Mínimo: 3.000</small>\n              </div>\n              <span class="badge bg-danger rounded-pill">3.000 en stock</span>\n            </li>\n            \n            <li class="list-group-item d-flex justify-content-between align-items-center">\n              <div>\n                <strong>AZUCAR ALVARIGUA</strong><br>\n                <small class="text-muted">Mínimo: 2.000</small>\n              </div>\n              <span class="badge bg-danger rounded-pill">2.000 en stock</span>\n            </li>\n            \n            <li class="list-group-item d-flex justify-content-between align-items-center">\n              <div>\n                <strong>AZUCAR KALY</strong><br>\n                <small class="text-muted">Mínimo: 3.000</small>\n              </div>\n              <span class="badge bg-danger rounded-pill">0.000 en stock</span>\n            </li>\n            \n            <li class="list-group-item d-flex justify-content-between align-items-center">\n              <div>\n                <strong>CAFÉ  200</strong><br>\n                <small class="text-muted">Mínimo: 3.000</small>\n              </div>\n              <span class="badge bg-danger rounded-pill">0.000 en stock</span>\n            </li>\n            \n            <li class="list-group-item d-flex justify-content-between align-items-center">\n              <div>\n                <strong>CARAMELO CAFE</strong><br>\n                <small class="text-muted">Mínimo: 2.000</small>\n              </div>\n              <span class="badge bg-danger rounded-pill">1.000 en stock</span>\n            </li>\n            \n            <li class="list-group-item d-flex justify-content-between align-items-center">\n              <div>\n                <strong>CEPILLO COLGATE</strong><br>\n                <small class="text-muted">Mínimo: 5.000</small>\n              </div>\n              <span class="badge bg-danger rounded-pill">0.000 en stock</span>\n            </li>\n            \n            <li class="list-group-item d-flex justify-content-between align-items-center">\n              <div>\n                <strong>CHAKARO</strong><br>\n                <small class="text-muted">Mínimo: 2.000</small>\n              </div>\n              <span class="badge bg-danger rounded-pill">0.000 en stock</span>\n            </li>\n            \n            <li class="list-group-item d-flex justify-content-between align-items-center">\n              <div>\n                <strong>CHAMPU PANTENE</strong><br>\n                <small class="text-muted">Mínimo: 2.000</small>\n              </div>\n              <span class="badge bg-danger rounded-pill">0.000 en stock</span>\n            </li>\n            \n            <li class="list-group-item d-flex justify-content-between align-items-center">\n              <div>\n                <strong>CHOCO BOOM</strong><br>\n                <small class="text-muted">Mínimo: 1.000</small>\n              </div>\n              <span class="badge bg-danger rounded-pill">0.000 en stock</span>\n            </li>\n            \n            <li class="list-group-item d-flex justify-content-between align-items-center">\n              <div>\n                <strong>CHORISO DE AJO</strong><br>\n                <small class="text-muted">Mínimo: 2.000</small>\n              </div>\n              <span class="badge bg-danger rounded-pill">0.362 en stock</span>\n            </li>\n            \n            <li class="list-group-item d-flex justify-content-between align-items-center">\n              <div>\n                <strong>CHULETA DE COCHINO</strong><br>\n                <small class="text-muted">Mínimo: 3.000</small>\n              </div>\n              <span class="badge bg-danger rounded-pill">0.000 en stock</span>\n            </li>\n            \n            <li class="list-group-item d-flex justify-content-between align-items-center">\n              <div>\n                <strong>COCOSETE</strong><br>\n                <small class="text-muted">Mínimo: 2.000</small>\n              </div>\n              <span class="badge bg-danger rounded-pill">0.000 en stock</span>\n            </li>\n            \n            <li class="list-group-item d-flex justify-content-between align-items-center">\n              <div>\n                <strong>COMINO GRANDE</strong><br>\n                <small class="text-muted">Mínimo: 3.000</small>\n              </div>\n              <span class="badge bg-danger rounded-pill">0.000 en stock</span>\n            </li>\n            \n            <li class="list-group-item d-flex justify-content-between align-items-center">\n              <div>\n                <strong>COMINO PEQueño</strong><br>\n                <small class="text-muted">Mínimo: 3.000</small>\n              </div>\n              <span class="badge bg-danger rounded-pill">0.000 en stock</span>\n            </li>\n            \n            <li class="list-group-item d-flex justify-content-between align-items-center">\n              <div>\n                <strong>crema de arroz mary</strong><br>\n                <small class="text-muted">Mínimo: 2.000</small>\n              </div>\n              <span class="badge bg-danger rounded-pill">0.000 en stock</span>\n            </li>\n            \n            <li class="list-group-item d-flex justify-content-between align-items-center">\n              <div>\n                <strong>CREMA DENTAL COLGATE</strong><br>\n                <small class="text-muted">Mínimo: 3.000</small>\n              </div>\n              <span class="badge bg-danger rounded-pill">0.000 en stock</span>\n            </li>\n            \n            <li class="list-group-item d-flex justify-content-between align-items-center">\n              <div>\n                <strong>desinfectante</strong><br>\n                <small class="text-muted">Mínimo: 3.000</small>\n              </div>\n              <span class="badge bg-danger rounded-pill">0.000 en stock</span>\n            </li>\n            \n            <li class="list-group-item d-flex justify-content-between align-items-center">\n              <div>\n                <strong>DESODORANTE TAPITA</strong><br>\n                <small class="text-muted">Mínimo: 1.000</small>\n              </div>\n              <span class="badge bg-danger rounded-pill">1.000 en stock</span>\n            </li>\n            \n            <li class="list-group-item d-flex justify-content-between align-items-center">\n              <div>\n                <strong>DETERGENTE OSO</strong><br>\n                <small class="text-muted">Mínimo: 3.000</small>\n              </div>\n              <span class="badge bg-danger rounded-pill">1.000 en stock</span>\n            </li>\n            \n            <li class="list-group-item d-flex justify-content-between align-items-center">\n              <div>\n                <strong>EJE DE CAMBIO CG150</strong><br>\n                <small class="text-muted">Mínimo: 2.000</small>\n              </div>\n              <span class="badge bg-danger rounded-pill">2.000 en stock</span>\n            </li>\n            \n            <li class="list-group-item d-flex justify-content-between align-items-center">\n              <div>\n                <strong>FORORO VALLE</strong><br>\n                <small class="text-muted">Mínimo: 3.000</small>\n              </div>\n              <span class="badge bg-danger rounded-pill">0.000 en stock</span>\n            </li>\n            \n            <li class="list-group-item d-flex justify-content-between align-items-center">\n              <div>\n                <strong>GALLETA CLUB SOCIAL</strong><br>\n                <small class="text-muted">Mínimo: 2.000</small>\n              </div>\n              <span class="badge bg-danger rounded-pill">1.000 en stock</span>\n            </li>\n            \n            <li class="list-group-item d-flex justify-content-between align-items-center">\n              <div>\n                <strong>galleta mari-lu-mini</strong><br>\n                <small class="text-muted">Mínimo: 5.000</small>\n              </div>\n              <span class="badge bg-danger rounded-pill">0.000 en stock</span>\n            </li>\n            \n            <li class="list-group-item d-flex justify-content-between align-items-center">\n              <div>\n                <strong>GALLETA TIP TOP</strong><br>\n                <small class="text-muted">Mínimo: 3.000</small>\n              </div>\n              <span class="badge bg-danger rounded-pill">0.000 en stock</span>\n            </li>\n            \n            <li class="list-group-item d-flex justify-content-between align-items-center">\n              <div>\n                <strong>GLUP 1L</strong><br>\n                <small class="text-muted">Mínimo: 3.000</small>\n              </div>\n              <span class="badge bg-danger rounded-pill">0.000 en stock</span>\n            </li>\n            \n            <li class="list-group-item d-flex justify-content-between align-items-center">\n              <div>\n                <strong>JABO PROTEX FRESH</strong><br>\n                <small class="text-muted">Mínimo: 2.000</small>\n              </div>\n              <span class="badge bg-danger rounded-pill">0.000 en stock</span>\n            </li>\n            \n            <li class="list-group-item d-flex justify-content-between align-items-center">\n              <div>\n                <strong>JABON DALAN</strong><br>\n                <small class="text-muted">Mínimo: 3.000</small>\n              </div>\n              <span class="badge bg-danger rounded-pill">0.000 en stock</span>\n            </li>\n            \n            <li class="list-group-item d-flex justify-content-between align-items-center">\n              <div>\n                <strong>JABON POPULAR</strong><br>\n                <small class="text-muted">Mínimo: 4.000</small>\n              </div>\n              <span class="badge bg-danger rounded-pill">4.000 en stock</span>\n            </li>\n            \n            <li class="list-group-item d-flex justify-content-between align-items-center">\n              <div>\n                <strong>JUGO CELEMA</strong><br>\n                <small class="text-muted">Mínimo: 4.000</small>\n              </div>\n              <span class="badge bg-danger rounded-pill">0.000 en stock</span>\n            </li>\n            \n            <li class="list-group-item d-flex justify-content-between align-items-center">\n              <div>\n                <strong>KING MANI</strong><br>\n                <small class="text-muted">Mínimo: 2.000</small>\n              </div>\n              <span class="badge bg-danger rounded-pill">0.000 en stock</span>\n            </li>\n            \n            <li class="list-group-item d-flex justify-content-between align-items-center">\n              <div>\n                <strong>LAVA PLATO FRISOL</strong><br>\n                <small class="text-muted">Mínimo: 5.000</small>\n              </div>\n              <span class="badge bg-danger rounded-pill">0.000 en stock</span>\n            </li>\n            \n            <li class="list-group-item d-flex justify-content-between align-items-center">\n              <div>\n                <strong>LECHE SAN SIMON</strong><br>\n                <small class="text-muted">Mínimo: 4.000</small>\n              </div>\n              <span class="badge bg-danger rounded-pill">0.000 en stock</span>\n            </li>\n            \n            <li class="list-group-item d-flex justify-content-between align-items-center">\n              <div>\n                <strong>LUKY</strong><br>\n                <small class="text-muted">Mínimo: 4.000</small>\n              </div>\n              <span class="badge bg-danger rounded-pill">0.000 en stock</span>\n            </li>\n            \n            <li class="list-group-item d-flex justify-content-between align-items-center">\n              <div>\n                <strong>MAIZ COTUFA</strong><br>\n                <small class="text-muted">Mínimo: 4.000</small>\n              </div>\n              <span class="badge bg-danger rounded-pill">0.000 en stock</span>\n            </li>\n            \n            <li class="list-group-item d-flex justify-content-between align-items-center">\n              <div>\n                <strong>MARGARINA MAVESA</strong><br>\n                <small class="text-muted">Mínimo: 3.000</small>\n              </div>\n              <span class="badge bg-danger rounded-pill">0.000 en stock</span>\n            </li>\n            \n            <li class="list-group-item d-flex justify-content-between align-items-center">\n              <div>\n                <strong>MASCARILLA PANTENE</strong><br>\n                <small class="text-muted">Mínimo: 5.000</small>\n              </div>\n              <span class="badge bg-danger rounded-pill">0.000 en stock</span>\n            </li>\n            \n            <li class="list-group-item d-flex justify-content-between align-items-center">\n              <div>\n                <strong>MAYONESA KRAF PEQ</strong><br>\n                <small class="text-muted">Mínimo: 5.000</small>\n              </div>\n              <span class="badge bg-danger rounded-pill">0.000 en stock</span>\n            </li>\n            \n            <li class="list-group-item d-flex justify-content-between align-items-center">\n              <div>\n                <strong>MIKI KISD</strong><br>\n                <small class="text-muted">Mínimo: 5.000</small>\n              </div>\n              <span class="badge bg-danger rounded-pill">0.000 en stock</span>\n            </li>\n            \n            <li class="list-group-item d-flex justify-content-between align-items-center">\n              <div>\n                <strong>MONEDAS CHOCOLATE</strong><br>\n                <small class="text-muted">Mínimo: 4.000</small>\n              </div>\n              <span class="badge bg-danger rounded-pill">0.000 en stock</span>\n            </li>\n            \n            <li class="list-group-item d-flex justify-content-between align-items-center">\n              <div>\n                <strong>MORTADELA PUNTA DE MONTE 1KL</strong><br>\n                <small class="text-muted">Mínimo: 5.000</small>\n              </div>\n              <span class="badge bg-danger rounded-pill">0.859 en stock</span>\n            </li>\n            \n            <li class="list-group-item d-flex justify-content-between align-items-center">\n              <div>\n                <strong>MR MUSCULO</strong><br>\n                <small class="text-muted">Mínimo: 5.000</small>\n              </div>\n              <span class="badge bg-danger rounded-pill">1.000 en stock</span>\n            </li>\n            \n            <li class="list-group-item d-flex justify-content-between align-items-center">\n              <div>\n                <strong>MUSLO DE POLLO</strong><br>\n                <small class="text-muted">Mínimo: 5.000</small>\n              </div>\n              <span class="badge bg-danger rounded-pill">2.354 en stock</span>\n            </li>\n            \n            <li class="list-group-item d-flex justify-content-between align-items-center">\n              <div>\n                <strong>pan andino</strong><br>\n                <small class="text-muted">Mínimo: 4.000</small>\n              </div>\n              <span class="badge bg-danger rounded-pill">0.000 en stock</span>\n            </li>\n            \n            <li class="list-group-item d-flex justify-content-between align-items-center">\n              <div>\n                <strong>PAN SANDUCHE</strong><br>\n                <small class="text-muted">Mínimo: 24.000</small>\n              </div>\n              <span class="badge bg-danger rounded-pill">0.000 en stock</span>\n            </li>\n            \n            <li class="list-group-item d-flex justify-content-between align-items-center">\n              <div>\n                <strong>PANELADA</strong><br>\n                <small class="text-muted">Mínimo: 5.000</small>\n              </div>\n              <span class="badge bg-danger rounded-pill">5.000 en stock</span>\n            </li>\n            \n            <li class="list-group-item d-flex justify-content-between align-items-center">\n              <div>\n                <strong>PANQUE</strong><br>\n                <small class="text-muted">Mínimo: 20.000</small>\n              </div>\n              <span class="badge bg-danger rounded-pill">20.000 en stock</span>\n            </li>\n            \n            <li class="list-group-item d-flex justify-content-between align-items-center">\n              <div>\n                <strong>PASTA HORIZONTE CORTA</strong><br>\n                <small class="text-muted">Mínimo: 18.000</small>\n              </div>\n              <span class="badge bg-danger rounded-pill">3.000 en stock</span>\n            </li>\n            \n            <li class="list-group-item d-flex justify-content-between align-items-center">\n              <div>\n                <strong>PASTA LARGA MARY 500GR</strong><br>\n                <small class="text-muted">Mínimo: 5.000</small>\n              </div>\n              <span class="badge bg-danger rounded-pill">2.000 en stock</span>\n            </li>\n            \n            <li class="list-group-item d-flex justify-content-between align-items-center">\n              <div>\n                <strong>PEGA LOCA</strong><br>\n                <small class="text-muted">Mínimo: 5.000</small>\n              </div>\n              <span class="badge bg-danger rounded-pill">4.000 en stock</span>\n            </li>\n            \n            <li class="list-group-item d-flex justify-content-between align-items-center">\n              <div>\n                <strong>PEPITO PUFFY</strong><br>\n                <small class="text-muted">Mínimo: 1.000</small>\n              </div>\n              <span class="badge bg-danger rounded-pill">0.000 en stock</span>\n            </li>\n            \n            <li class="list-group-item d-flex justify-content-between align-items-center">\n              <div>\n                <strong>queso AMARILLO</strong><br>\n                <small class="text-muted">Mínimo: 5.000</small>\n              </div>\n              <span class="badge bg-danger rounded-pill">0.000 en stock</span>\n            </li>\n            \n            <li class="list-group-item d-flex justify-content-between align-items-center">\n              <div>\n                <strong>salchicha</strong><br>\n                <small class="text-muted">Mínimo: 5.000</small>\n              </div>\n              <span class="badge bg-danger rounded-pill">0.340 en stock</span>\n            </li>\n            \n            <li class="list-group-item d-flex justify-content-between align-items-center">\n              <div>\n                <strong>SALRRICA 4P</strong><br>\n                <small class="text-muted">Mínimo: 20.000</small>\n              </div>\n              <span class="badge bg-danger rounded-pill">1.000 en stock</span>\n            </li>\n            \n            <li class="list-group-item d-flex justify-content-between align-items-center">\n              <div>\n                <strong>SALSA DE AJO</strong><br>\n                <small class="text-muted">Mínimo: 12.000</small>\n              </div>\n              <span class="badge bg-danger rounded-pill">2.000 en stock</span>\n            </li>\n            \n            <li class="list-group-item d-flex justify-content-between align-items-center">\n              <div>\n                <strong>SALSA DE TOMATE PAMPERO PEQUEÑA</strong><br>\n                <small class="text-muted">Mínimo: 4.000</small>\n              </div>\n              <span class="badge bg-danger rounded-pill">3.000 en stock</span>\n            </li>\n            \n            <li class="list-group-item d-flex justify-content-between align-items-center">\n              <div>\n                <strong>SALSA INGLESA</strong><br>\n                <small class="text-muted">Mínimo: 10.000</small>\n              </div>\n              <span class="badge bg-danger rounded-pill">1.000 en stock</span>\n            </li>\n            \n            <li class="list-group-item d-flex justify-content-between align-items-center">\n              <div>\n                <strong>SARDINA MONARCA</strong><br>\n                <small class="text-muted">Mínimo: 70.000</small>\n              </div>\n              <span class="badge bg-danger rounded-pill">11.000 en stock</span>\n            </li>\n            \n            <li class="list-group-item d-flex justify-content-between align-items-center">\n              <div>\n                <strong>SARDINA OMEGA</strong><br>\n                <small class="text-muted">Mínimo: 10.000</small>\n              </div>\n              <span class="badge bg-danger rounded-pill">0.000 en stock</span>\n            </li>\n            \n            <li class="list-group-item d-flex justify-content-between align-items-center">\n              <div>\n                <strong>SHAMPOO DE SOBRE</strong><br>\n                <small class="text-muted">Mínimo: 10.000</small>\n              </div>\n              <span class="badge bg-danger rounded-pill">0.000 en stock</span>\n            </li>\n            \n            <li class="list-group-item d-flex justify-content-between align-items-center">\n              <div>\n                <strong>SUAVISANTE SUAVITEL</strong><br>\n                <small class="text-muted">Mínimo: 10.000</small>\n              </div>\n              <span class="badge bg-danger rounded-pill">8.400 en stock</span>\n            </li>\n            \n            <li class="list-group-item d-flex justify-content-between align-items-center">\n              <div>\n                <strong>TOALLAS ALIVE</strong><br>\n                <small class="text-muted">Mínimo: 30.000</small>\n              </div>\n              <span class="badge bg-danger rounded-pill">6.000 en stock</span>\n            </li>\n            \n            <li class="list-group-item d-flex justify-content-between align-items-center">\n              <div>\n                <strong>TOXICA</strong><br>\n                <small class="text-muted">Mínimo: 5.000</small>\n              </div>\n              <span class="badge bg-danger rounded-pill">4.000 en stock</span>\n            </li>\n            \n            <li class="list-group-item d-flex justify-content-between align-items-center">\n              <div>\n                <strong>YUPI GUAFLE</strong><br>\n                <small class="text-muted">Mínimo: 5.000</small>\n              </div>\n              <span class="badge bg-danger rounded-pill">2.000 en stock</span>\n            </li>\n            \n            <li class="list-group-item d-flex justify-content-between align-items-center">\n              <div>\n                <strong>CARNE MOLIDA</strong><br>\n                <small class="text-muted">Mínimo: 5.000</small>\n              </div>\n              <span class="badge bg-danger rounded-pill">0.000 en stock</span>\n            </li>\n            \n            <li class="list-group-item d-flex justify-content-between align-items-center">\n              <div>\n                <strong>JAMON AREPERO</strong><br>\n                <small class="text-muted">Mínimo: 5.000</small>\n              </div>\n              <span class="badge bg-danger rounded-pill">0.000 en stock</span>\n            </li>\n            \n            <li class="list-group-item d-flex justify-content-between align-items-center">\n              <div>\n                <strong>GUAYA DE OWEN2011 croche</strong><br>\n                <small class="text-muted">Mínimo: 3.000</small>\n              </div>\n              <span class="badge bg-danger rounded-pill">0.000 en stock</span>\n            </li>\n            \n            <li class="list-group-item d-flex justify-content-between align-items-center">\n              <div>\n                <strong>ACEITE PORTUMESA</strong><br>\n                <small class="text-muted">Mínimo: 5.000</small>\n              </div>\n              <span class="badge bg-danger rounded-pill">1.000 en stock</span>\n            </li>\n            \n            <li class="list-group-item d-flex justify-content-between align-items-center">\n              <div>\n                <strong>BANDA DE FRENO DE EK JORSE</strong><br>\n                <small class="text-muted">Mínimo: 5.000</small>\n              </div>\n              <span class="badge bg-danger rounded-pill">1.000 en stock</span>\n            </li>\n            \n            <li class="list-group-item d-flex justify-content-between align-items-center">\n              <div>\n                <strong>BUJEDE GN 125</strong><br>\n                <small class="text-muted">Mínimo: 1.000</small>\n              </div>\n              <span class="badge bg-danger rounded-pill">1.000 en stock</span>\n            </li>\n            \n            <li class="list-group-item d-flex justify-content-between align-items-center">\n              <div>\n                <strong>CDI NW HORSE</strong><br>\n                <small class="text-muted">Mínimo: 5.000</small>\n              </div>\n              <span class="badge bg-danger rounded-pill">0.000 en stock</span>\n            </li>\n            \n            <li class="list-group-item d-flex justify-content-between align-items-center">\n              <div>\n                <strong>TOSTON</strong><br>\n                <small class="text-muted">Mínimo: 5.000</small>\n              </div>\n              <span class="badge bg-danger rounded-pill">0.000 en stock</span>\n            </li>\n            \n            <li class="list-group-item d-flex justify-content-between align-items-center">\n              <div>\n                <strong>PIÑON 16</strong><br>\n                <small class="text-muted">Mínimo: 5.000</small>\n              </div>\n              <span class="badge bg-danger rounded-pill">0.000 en stock</span>\n            </li>\n            \n            <li class="list-group-item d-flex justify-content-between align-items-center">\n              <div>\n                <strong>POSA PIE DE GN 125</strong><br>\n                <small class="text-muted">Mínimo: 1.000</small>\n              </div>\n              <span class="badge bg-danger rounded-pill">1.000 en stock</span>\n            </li>\n            \n            <li class="list-group-item d-flex justify-content-between align-items-center">\n              <div>\n                <strong>GALLETA TARTALETA</strong><br>\n                <small class="text-muted">Mínimo: 5.000</small>\n              </div>\n              <span class="badge bg-danger rounded-pill">0.000 en stock</span>\n            </li>\n            \n            <li class="list-group-item d-flex justify-content-between align-items-center">\n              <div>\n                <strong>SARDINA VENFOOD</strong><br>\n                <small class="text-muted">Mínimo: 5.000</small>\n              </div>\n              <span class="badge bg-danger rounded-pill">3.000 en stock</span>\n            </li>\n            \n            <li class="list-group-item d-flex justify-content-between align-items-center">\n              <div>\n                <strong>SAL ROJA</strong><br>\n                <small class="text-muted">Mínimo: 1.000</small>\n              </div>\n              <span class="badge bg-danger rounded-pill">0.000 en stock</span>\n            </li>\n            \n            <li class="list-group-item d-flex justify-content-between align-items-center">\n              <div>\n                <strong>MAIZ</strong><br>\n                <small class="text-muted">Mínimo: 5.000</small>\n              </div>\n              <span class="badge bg-danger rounded-pill">0.249 en stock</span>\n            </li>\n            \n            <li class="list-group-item d-flex justify-content-between align-items-center">\n              <div>\n                <strong>azucar konfi</strong><br>\n                <small class="text-muted">Mínimo: 5.000</small>\n              </div>\n              <span class="badge bg-danger rounded-pill">0.000 en stock</span>\n            </li>\n            \n            <li class="list-group-item d-flex justify-content-between align-items-center">\n              <div>\n                <strong>arroz primor</strong><br>\n                <small class="text-muted">Mínimo: 5.000</small>\n              </div>\n              <span class="badge bg-danger rounded-pill">1.000 en stock</span>\n            </li>\n            \n            <li class="list-group-item d-flex justify-content-between align-items-center">\n              <div>\n                <strong>PEPI RICO</strong><br>\n                <small class="text-muted">Mínimo: 5.000</small>\n              </div>\n              <span class="badge bg-danger rounded-pill">5.000 en stock</span>\n            </li>\n            \n            <li class="list-group-item d-flex justify-content-between align-items-center">\n              <div>\n                <strong>papel maple</strong><br>\n                <small class="text-muted">Mínimo: 5.000</small>\n              </div>\n              <span class="badge bg-danger rounded-pill">1.000 en stock</span>\n            </li>\n            \n            <li class="list-group-item d-flex justify-content-between align-items-center">\n              <div>\n                <strong>champu hug 200</strong><br>\n                <small class="text-muted">Mínimo: 5.000</small>\n              </div>\n              <span class="badge bg-danger rounded-pill">0.000 en stock</span>\n            </li>\n            \n            <li class="list-group-item d-flex justify-content-between align-items-center">\n              <div>\n                <strong>GALLETA MARIA LA PAMPA</strong><br>\n                <small class="text-muted">Mínimo: 5.000</small>\n              </div>\n              <span class="badge bg-danger rounded-pill">2.000 en stock</span>\n            </li>\n            \n            <li class="list-group-item d-flex justify-content-between align-items-center">\n              <div>\n                <strong>YESQUERO</strong><br>\n                <small class="text-muted">Mínimo: 5.000</small>\n              </div>\n              <span class="badge bg-danger rounded-pill">4.000 en stock</span>\n            </li>\n            \n            <li class="list-group-item d-flex justify-content-between align-items-center">\n              <div>\n                <strong>SALRICAS 6 P</strong><br>\n                <small class="text-muted">Mínimo: 5.000</small>\n              </div>\n              <span class="badge bg-danger rounded-pill">0.000 en stock</span>\n            </li>\n            \n            <li class="list-group-item d-flex justify-content-between align-items-center">\n              <div>\n                <strong>CORONA 40</strong><br>\n                <small class="text-muted">Mínimo: 1.000</small>\n              </div>\n              <span class="badge bg-danger rounded-pill">0.000 en stock</span>\n            </li>\n            \n            <li class="list-group-item d-flex justify-content-between align-items-center">\n              <div>\n                <strong>GOMA POSAPIE HORSE NEGRO</strong><br>\n                <small class="text-muted">Mínimo: 2.000</small>\n              </div>\n              <span class="badge bg-danger rounded-pill">1.000 en stock</span>\n            </li>\n            \n            <li class="list-group-item d-flex justify-content-between align-items-center">\n              <div>\n                <strong>CILINDRO DE HORSE</strong><br>\n                <small class="text-muted">Mínimo: 5.000</small>\n              </div>\n              <span class="badge bg-danger rounded-pill">0.000 en stock</span>\n            </li>\n            \n            <li class="list-group-item d-flex justify-content-between align-items-center">\n              <div>\n                <strong>KIT DE RESORTE</strong><br>\n                <small class="text-muted">Mínimo: 2.000</small>\n              </div>\n              <span class="badge bg-danger rounded-pill">0.000 en stock</span>\n            </li>\n            \n            <li class="list-group-item d-flex justify-content-between align-items-center">\n              <div>\n                <strong>ZANAHORIA</strong><br>\n                <small class="text-muted">Mínimo: 5.000</small>\n              </div>\n              <span class="badge bg-danger rounded-pill">0.978 en stock</span>\n            </li>\n            \n            <li class="list-group-item d-flex justify-content-between align-items-center">\n              <div>\n                <strong>REPOLLO</strong><br>\n                <small class="text-muted">Mínimo: 5.000</small>\n              </div>\n              <span class="badge bg-danger rounded-pill">0.710 en stock</span>\n            </li>\n            \n            <li class="list-group-item d-flex justify-content-between align-items-center">\n              <div>\n                <strong>PAN DE HAMBURGUESA</strong><br>\n                <small class="text-muted">Mínimo: 5.000</small>\n              </div>\n              <span class="badge bg-danger rounded-pill">0.000 en stock</span>\n            </li>\n            \n            <li class="list-group-item d-flex justify-content-between align-items-center">\n              <div>\n                <strong>CUCHARA TX</strong><br>\n                <small class="text-muted">Mínimo: 1.000</small>\n              </div>\n              <span class="badge bg-danger rounded-pill">1.000 en stock</span>\n            </li>\n            \n            <li class="list-group-item d-flex justify-content-between align-items-center">\n              <div>\n                <strong>TOMATE FRESCO</strong><br>\n                <small class="text-muted">Mínimo: 5.000</small>\n              </div>\n              <span class="badge bg-danger rounded-pill">1.655 en stock</span>\n            </li>\n            \n            <li class="list-group-item d-flex justify-content-between align-items-center">\n              <div>\n                <strong>LECHUGA</strong><br>\n                <small class="text-muted">Mínimo: 5.000</small>\n              </div>\n              <span class="badge bg-danger rounded-pill">0.000 en stock</span>\n            </li>\n            \n            <li class="list-group-item d-flex justify-content-between align-items-center">\n              <div>\n                <strong>ACEITE CASTROL 2T</strong><br>\n                <small class="text-muted">Mínimo: 1.000</small>\n              </div>\n              <span class="badge bg-danger rounded-pill">1.000 en stock</span>\n            </li>\n            \n            <li class="list-group-item d-flex justify-content-between align-items-center">\n              <div>\n                <strong>CAUCHO 9090</strong><br>\n                <small class="text-muted">Mínimo: 5.000</small>\n              </div>\n              <span class="badge bg-danger rounded-pill">1.000 en stock</span>\n            </li>\n            \n            <li class="list-group-item d-flex justify-content-between align-items-center">\n              <div>\n                <strong>socate de ceramica</strong><br>\n                <small class="text-muted">Mínimo: 5.000</small>\n              </div>\n              <span class="badge bg-danger rounded-pill">1.000 en stock</span>\n            </li>\n            \n            <li class="list-group-item d-flex justify-content-between align-items-center">\n              <div>\n                <strong>socate negro</strong><br>\n                <small class="text-muted">Mínimo: 5.000</small>\n              </div>\n              <span class="badge bg-danger rounded-pill">5.000 en stock</span>\n            </li>\n            \n            <li class="list-group-item d-flex justify-content-between align-items-center">\n              <div>\n                <strong>CUCHARA CG150/200 CON ROLINERA</strong><br>\n                <small class="text-muted">Mínimo: 5.000</small>\n              </div>\n              <span class="badge bg-danger rounded-pill">0.000 en stock</span>\n            </li>\n            \n            <li class="list-group-item d-flex justify-content-between align-items-center">\n              <div>\n                <strong>CADENA NEGRA REFORZADA</strong><br>\n                <small class="text-muted">Mínimo: 1.000</small>\n              </div>\n              <span class="badge bg-danger rounded-pill">0.000 en stock</span>\n            </li>\n            \n            <li class="list-group-item d-flex justify-content-between align-items-center">\n              <div>\n                <strong>BUJIA PUNTA IRIDIUM</strong><br>\n                <small class="text-muted">Mínimo: 5.000</small>\n              </div>\n              <span class="badge bg-danger rounded-pill">1.000 en stock</span>\n            </li>\n            \n            <li class="list-group-item d-flex justify-content-between align-items-center">\n              <div>\n                <strong>CORNETA DOBLE  HORSE</strong><br>\n                <small class="text-muted">Mínimo: 1.000</small>\n              </div>\n              <span class="badge bg-danger rounded-pill">0.000 en stock</span>\n            </li>\n            \n            <li class="list-group-item d-flex justify-content-between align-items-center">\n              <div>\n                <strong>RETROVISORES DE ARSEN 2</strong><br>\n                <small class="text-muted">Mínimo: 3.000</small>\n              </div>\n              <span class="badge bg-danger rounded-pill">1.000 en stock</span>\n            </li>\n            \n            <li class="list-group-item d-flex justify-content-between align-items-center">\n              <div>\n                <strong>PATA DE FRENO DE HORSE</strong><br>\n                <small class="text-muted">Mínimo: 2.000</small>\n              </div>\n              <span class="badge bg-danger rounded-pill">0.000 en stock</span>\n            </li>\n            \n            <li class="list-group-item d-flex justify-content-between align-items-center">\n              <div>\n                <strong>REGULADOR CG150</strong><br>\n                <small class="text-muted">Mínimo: 5.000</small>\n              </div>\n              <span class="badge bg-danger rounded-pill">1.000 en stock</span>\n            </li>\n            \n            <li class="list-group-item d-flex justify-content-between align-items-center">\n              <div>\n                <strong>cafe amanecer 200</strong><br>\n                <small class="text-muted">Mínimo: 5.000</small>\n              </div>\n              <span class="badge bg-danger rounded-pill">0.000 en stock</span>\n            </li>\n            \n            <li class="list-group-item d-flex justify-content-between align-items-center">\n              <div>\n                <strong>sardina el morro</strong><br>\n                <small class="text-muted">Mínimo: 5.000</small>\n              </div>\n              <span class="badge bg-danger rounded-pill">0.000 en stock</span>\n            </li>\n            \n            <li class="list-group-item d-flex justify-content-between align-items-center">\n              <div>\n                <strong>cafe della nonna 100</strong><br>\n                <small class="text-muted">Mínimo: 5.000</small>\n              </div>\n              <span class="badge bg-danger rounded-pill">0.000 en stock</span>\n            </li>\n            \n            <li class="list-group-item d-flex justify-content-between align-items-center">\n              <div>\n                <strong>CANDO PEQUEÑO</strong><br>\n                <small class="text-muted">Mínimo: 5.000</small>\n              </div>\n              <span class="badge bg-danger rounded-pill">2.000 en stock</span>\n            </li>\n            \n            <li class="list-group-item d-flex justify-content-between align-items-center">\n              <div>\n                <strong>ACEITR KAISA</strong><br>\n                <small class="text-muted">Mínimo: 5.000</small>\n              </div>\n              <span class="badge bg-danger rounded-pill">0.000 en stock</span>\n            </li>\n            \n            <li class="list-group-item d-flex justify-content-between align-items-center">\n              <div>\n                <strong>PLATANO</strong><br>\n                <small class="text-muted">Mínimo: 5.000</small>\n              </div>\n              <span class="badge bg-danger rounded-pill">3.313 en stock</span>\n            </li>\n            \n            <li class="list-group-item d-flex justify-content-between align-items-center">\n              <div>\n                <strong>PASTA LARGA NINO</strong><br>\n                <small class="text-muted">Mínimo: 5.000</small>\n              </div>\n              <span class="badge bg-danger rounded-pill">0.000 en stock</span>\n            </li>\n            \n            <li class="list-group-item d-flex justify-content-between align-items-center">\n              <div>\n                <strong>aceite kawazono</strong><br>\n                <small class="text-muted">Mínimo: 5.000</small>\n              </div>\n              <span class="badge bg-danger rounded-pill">2.000 en stock</span>\n            </li>\n            \n            <li class="list-group-item d-flex justify-content-between align-items-center">\n              <div>\n                <strong>aceite megazuky 2T</strong><br>\n                <small class="text-muted">Mínimo: 5.000</small>\n              </div>\n              <span class="badge bg-danger rounded-pill">2.000 en stock</span>\n            </li>\n            \n            <li class="list-group-item d-flex justify-content-between align-items-center">\n              <div>\n                <strong>pechera roja</strong><br>\n                <small class="text-muted">Mínimo: 5.000</small>\n              </div>\n              <span class="badge bg-danger rounded-pill">1.000 en stock</span>\n            </li>\n            \n            <li class="list-group-item d-flex justify-content-between align-items-center">\n              <div>\n                <strong>barra estavilisadora</strong><br>\n                <small class="text-muted">Mínimo: 2.000</small>\n              </div>\n              <span class="badge bg-danger rounded-pill">0.000 en stock</span>\n            </li>\n            \n            <li class="list-group-item d-flex justify-content-between align-items-center">\n              <div>\n                <strong>arroz buen</strong><br>\n                <small class="text-muted">Mínimo: 5.000</small>\n              </div>\n              <span class="badge bg-danger rounded-pill">0.000 en stock</span>\n            </li>\n            \n            <li class="list-group-item d-flex justify-content-between align-items-center">\n              <div>\n                <strong>azucar barzuca</strong><br>\n                <small class="text-muted">Mínimo: 5.000</small>\n              </div>\n              <span class="badge bg-danger rounded-pill">0.000 en stock</span>\n            </li>\n            \n            <li class="list-group-item d-flex justify-content-between align-items-center">\n              <div>\n                <strong>GLUP 400ML</strong><br>\n                <small class="text-muted">Mínimo: 5.000</small>\n              </div>\n              <span class="badge bg-danger rounded-pill">2.000 en stock</span>\n            </li>\n            \n            <li class="list-group-item d-flex justify-content-between align-items-center">\n              <div>\n                <strong>INTERMITENTE DE SBR C</strong><br>\n                <small class="text-muted">Mínimo: 5.000</small>\n              </div>\n              <span class="badge bg-danger rounded-pill">0.000 en stock</span>\n            </li>\n            \n            <li class="list-group-item d-flex justify-content-between align-items-center">\n              <div>\n                <strong>PISTON DE SOCIALISTA</strong><br>\n                <small class="text-muted">Mínimo: 1.000</small>\n              </div>\n              <span class="badge bg-danger rounded-pill">1.000 en stock</span>\n            </li>\n            \n            <li class="list-group-item d-flex justify-content-between align-items-center">\n              <div>\n                <strong>LIGA DE FRENO</strong><br>\n                <small class="text-muted">Mínimo: 5.000</small>\n              </div>\n              <span class="badge bg-danger rounded-pill">3.000 en stock</span>\n            </li>\n            \n            <li class="list-group-item d-flex justify-content-between align-items-center">\n              <div>\n                <strong>enchufe macho</strong><br>\n                <small class="text-muted">Mínimo: 5.000</small>\n              </div>\n              <span class="badge bg-danger rounded-pill">2.000 en stock</span>\n            </li>\n            \n            <li class="list-group-item d-flex justify-content-between align-items-center">\n              <div>\n                <strong>papita de perro</strong><br>\n                <small class="text-muted">Mínimo: 5.000</small>\n              </div>\n              <span class="badge bg-danger rounded-pill">0.000 en stock</span>\n            </li>\n            \n            <li class="list-group-item d-flex justify-content-between align-items-center">\n              <div>\n                <strong>topocho</strong><br>\n                <small class="text-muted">Mínimo: 5.000</small>\n              </div>\n              <span class="badge bg-danger rounded-pill">0.000 en stock</span>\n            </li>\n            \n            <li class="list-group-item d-flex justify-content-between align-items-center">\n              <div>\n                <strong>pañal 20un</strong><br>\n                <small class="text-muted">Mínimo: 5.000</small>\n              </div>\n              <span class="badge bg-danger rounded-pill">0.000 en stock</span>\n            </li>\n            \n            <li class="list-group-item d-flex justify-content-between align-items-center">\n              <div>\n                <strong>diminasin forti 250</strong><br>\n                <small class="text-muted">Mínimo: 5.000</small>\n              </div>\n              <span class="badge bg-danger rounded-pill">0.000 en stock</span>\n            </li>\n            \n            <li class="list-group-item d-flex justify-content-between align-items-center">\n              <div>\n                <strong>torsila</strong><br>\n                <small class="text-muted">Mínimo: 5.000</small>\n              </div>\n              <span class="badge bg-danger rounded-pill">0.000 en stock</span>\n            </li>\n            \n            <li class="list-group-item d-flex justify-content-between align-items-center">\n              <div>\n                <strong>corona de expres 38</strong><br>\n                <small class="text-muted">Mínimo: 5.000</small>\n              </div>\n              <span class="badge bg-danger rounded-pill">0.000 en stock</span>\n            </li>\n            \n            <li class="list-group-item d-flex justify-content-between align-items-center">\n              <div>\n                <strong>tocino</strong><br>\n                <small class="text-muted">Mínimo: 5.000</small>\n              </div>\n              <span class="badge bg-danger rounded-pill">0.000 en stock</span>\n            </li>\n            \n            <li class="list-group-item d-flex justify-content-between align-items-center">\n              <div>\n                <strong>caucho 3.00-18</strong><br>\n                <small class="text-muted">Mínimo: 5.000</small>\n              </div>\n              <span class="badge bg-danger rounded-pill">0.000 en stock</span>\n            </li>\n            \n            <li class="list-group-item d-flex justify-content-between align-items-center">\n              <div>\n                <strong>TOBO</strong><br>\n                <small class="text-muted">Mínimo: 5.000</small>\n              </div>\n              <span class="badge bg-danger rounded-pill">0.000 en stock</span>\n            </li>\n            \n            <li class="list-group-item d-flex justify-content-between align-items-center">\n              <div>\n                <strong>HARINA DULCE MAR</strong><br>\n                <small class="text-muted">Mínimo: 5.000</small>\n              </div>\n              <span class="badge bg-danger rounded-pill">1.000 en stock</span>\n            </li>\n            \n            <li class="list-group-item d-flex justify-content-between align-items-center">\n              <div>\n                <strong>carpeta marron</strong><br>\n                <small class="text-muted">Mínimo: 5.000</small>\n              </div>\n              <span class="badge bg-danger rounded-pill">4.000 en stock</span>\n            </li>\n            \n            <li class="list-group-item d-flex justify-content-between align-items-center">\n              <div>\n                <strong>marcador doble</strong><br>\n                <small class="text-muted">Mínimo: 5.000</small>\n              </div>\n              <span class="badge bg-danger rounded-pill">2.000 en stock</span>\n            </li>\n            \n            <li class="list-group-item d-flex justify-content-between align-items-center">\n              <div>\n                <strong>cadena dorada solchain</strong><br>\n                <small class="text-muted">Mínimo: 5.000</small>\n              </div>\n              <span class="badge bg-danger rounded-pill">1.000 en stock</span>\n            </li>\n            \n            <li class="list-group-item d-flex justify-content-between align-items-center">\n              <div>\n                <strong>EMPACADURA DE UM</strong><br>\n                <small class="text-muted">Mínimo: 5.000</small>\n              </div>\n              <span class="badge bg-danger rounded-pill">1.000 en stock</span>\n            </li>\n            \n            <li class="list-group-item d-flex justify-content-between align-items-center">\n              <div>\n                <strong>MAGNETO</strong><br>\n                <small class="text-muted">Mínimo: 5.000</small>\n              </div>\n              <span class="badge bg-danger rounded-pill">0.000 en stock</span>\n            </li>\n            \n            <li class="list-group-item d-flex justify-content-between align-items-center">\n              <div>\n                <strong>REFLECTOR DE PLACA</strong><br>\n                <small class="text-muted">Mínimo: 5.000</small>\n              </div>\n              <span class="badge bg-danger rounded-pill">2.000 en stock</span>\n            </li>\n            \n            <li class="list-group-item d-flex justify-content-between align-items-center">\n              <div>\n                <strong>VARILLA DE FRENO DE HORSE</strong><br>\n                <small class="text-muted">Mínimo: 5.000</small>\n              </div>\n              <span class="badge bg-danger rounded-pill">3.000 en stock</span>\n            </li>\n            \n            <li class="list-group-item d-flex justify-content-between align-items-center">\n              <div>\n                <strong>MANTECA DE COCHINO</strong><br>\n                <small class="text-muted">Mínimo: 5.000</small>\n              </div>\n              <span class="badge bg-danger rounded-pill">2.000 en stock</span>\n            </li>\n            \n            <li class="list-group-item d-flex justify-content-between align-items-center">\n              <div>\n                <strong>tomate palo</strong><br>\n                <small class="text-muted">Mínimo: 5.000</small>\n              </div>\n              <span class="badge bg-danger rounded-pill">0.000 en stock</span>\n            </li>\n            \n            <li class="list-group-item d-flex justify-content-between align-items-center">\n              <div>\n                <strong>guayaba</strong><br>\n                <small class="text-muted">Mínimo: 5.000</small>\n              </div>\n              <span class="badge bg-danger rounded-pill">0.000 en stock</span>\n            </li>\n            \n            <li class="list-group-item d-flex justify-content-between align-items-center">\n              <div>\n                <strong>MORTADELA PUNTA DE MONTE 500GR</strong><br>\n                <small class="text-muted">Mínimo: 5.000</small>\n              </div>\n              <span class="badge bg-danger rounded-pill">0.000 en stock</span>\n            </li>\n            \n            <li class="list-group-item d-flex justify-content-between align-items-center">\n              <div>\n                <strong>cafe amanecer 100</strong><br>\n                <small class="text-muted">Mínimo: 5.000</small>\n              </div>\n              <span class="badge bg-danger rounded-pill">0.000 en stock</span>\n            </li>\n            \n            <li class="list-group-item d-flex justify-content-between align-items-center">\n              <div>\n                <strong>PILAS AAA</strong><br>\n                <small class="text-muted">Mínimo: 5.000</small>\n              </div>\n              <span class="badge bg-danger rounded-pill">0.000 en stock</span>\n            </li>\n            \n            <li class="list-group-item d-flex justify-content-between align-items-center">\n              <div>\n                <strong>Chicharron</strong><br>\n                <small class="text-muted">Mínimo: 5.000</small>\n              </div>\n              <span class="badge bg-danger rounded-pill">4.979 en stock</span>\n            </li>\n            \n            <li class="list-group-item d-flex justify-content-between align-items-center">\n              <div>\n                <strong>LECHE LOS ANDES</strong><br>\n                <small class="text-muted">Mínimo: 5.000</small>\n              </div>\n              <span class="badge bg-danger rounded-pill">2.000 en stock</span>\n            </li>\n            \n            <li class="list-group-item d-flex justify-content-between align-items-center">\n              <div>\n                <strong>Bombillo stop kawazono</strong><br>\n                <small class="text-muted">Mínimo: 5.000</small>\n              </div>\n              <span class="badge bg-danger rounded-pill">4.000 en stock</span>\n            </li>\n            \n            <li class="list-group-item d-flex justify-content-between align-items-center">\n              <div>\n                <strong>Cola trasera</strong><br>\n                <small class="text-muted">Mínimo: 5.000</small>\n              </div>\n              <span class="badge bg-danger rounded-pill">0.000 en stock</span>\n            </li>\n            \n            <li class="list-group-item d-flex justify-content-between align-items-center">\n              <div>\n                <strong>Embobinado kawazono</strong><br>\n                <small class="text-muted">Mínimo: 5.000</small>\n              </div>\n              <span class="badge bg-danger rounded-pill">0.000 en stock</span>\n            </li>\n            \n            <li class="list-group-item d-flex justify-content-between align-items-center">\n              <div>\n                <strong>Guaya de croche de Owen 2011</strong><br>\n                <small class="text-muted">Mínimo: 5.000</small>\n              </div>\n              <span class="badge bg-danger rounded-pill">5.000 en stock</span>\n            </li>\n            \n            <li class="list-group-item d-flex justify-content-between align-items-center">\n              <div>\n                <strong>Llave de gasolina de cg</strong><br>\n                <small class="text-muted">Mínimo: 5.000</small>\n              </div>\n              <span class="badge bg-danger rounded-pill">2.000 en stock</span>\n            </li>\n            \n            <li class="list-group-item d-flex justify-content-between align-items-center">\n              <div>\n                <strong>Valvula cañón lago 150</strong><br>\n                <small class="text-muted">Mínimo: 20.000</small>\n              </div>\n              <span class="badge bg-danger rounded-pill">4.000 en stock</span>\n            </li>\n            \n            <li class="list-group-item d-flex justify-content-between align-items-center">\n              <div>\n                <strong>Bobita 10 dosis</strong><br>\n                <small class="text-muted">Mínimo: 5.000</small>\n              </div>\n              <span class="badge bg-danger rounded-pill">0.000 en stock</span>\n            </li>\n            \n            <li class="list-group-item d-flex justify-content-between align-items-center">\n              <div>\n                <strong>Galleta maría Italia</strong><br>\n                <small class="text-muted">Mínimo: 5.000</small>\n              </div>\n              <span class="badge bg-danger rounded-pill">0.510 en stock</span>\n            </li>\n            \n            <li class="list-group-item d-flex justify-content-between align-items-center">\n              <div>\n                <strong>galleta soda</strong><br>\n                <small class="text-muted">Mínimo: 5.000</small>\n              </div>\n              <span class="badge bg-danger rounded-pill">0.000 en stock</span>\n            </li>\n            \n            <li class="list-group-item d-flex justify-content-between align-items-center">\n              <div>\n                <strong>velas</strong><br>\n                <small class="text-muted">Mínimo: 5.000</small>\n              </div>\n              <span class="badge bg-danger rounded-pill">0.000 en stock</span>\n            </li>\n            \n            <li class="list-group-item d-flex justify-content-between align-items-center">\n              <div>\n                <strong>grasa azul</strong><br>\n                <small class="text-muted">Mínimo: 5.000</small>\n              </div>\n              <span class="badge bg-danger rounded-pill">1.000 en stock</span>\n            </li>\n            \n            <li class="list-group-item d-flex justify-content-between align-items-center">\n              <div>\n                <strong>BUJIA DESMALESADORA</strong><br>\n                <small class="text-muted">Mínimo: 5.000</small>\n              </div>\n              <span class="badge bg-danger rounded-pill">2.000 en stock</span>\n            </li>\n            \n            <li class="list-group-item d-flex justify-content-between align-items-center">\n              <div>\n                <strong>TEFLON</strong><br>\n                <small class="text-muted">Mínimo: 5.000</small>\n              </div>\n              <span class="badge bg-danger rounded-pill">1.000 en stock</span>\n            </li>\n            \n            <li class="list-group-item d-flex justify-content-between align-items-center">\n              <div>\n                <strong>BASE DE CARBURADOR CG-HORSE</strong><br>\n                <small class="text-muted">Mínimo: 5.000</small>\n              </div>\n              <span class="badge bg-danger rounded-pill">1.000 en stock</span>\n            </li>\n            \n            <li class="list-group-item d-flex justify-content-between align-items-center">\n              <div>\n                <strong>GOMA DEL PURIFICADOR-CG-SOCIALISTA</strong><br>\n                <small class="text-muted">Mínimo: 5.000</small>\n              </div>\n              <span class="badge bg-danger rounded-pill">1.000 en stock</span>\n            </li>\n            \n            <li class="list-group-item d-flex justify-content-between align-items-center">\n              <div>\n                <strong>ARROZ KALY</strong><br>\n                <small class="text-muted">Mínimo: 3.000</small>\n              </div>\n              <span class="badge bg-danger rounded-pill">2.000 en stock</span>\n            </li>\n            \n            <li class="list-group-item d-flex justify-content-between align-items-center">\n              <div>\n                <strong>DULCE DOMINIC</strong><br>\n                <small class="text-muted">Mínimo: 5.000</small>\n              </div>\n              <span class="badge bg-danger rounded-pill">1.000 en stock</span>\n            </li>\n            \n            <li class="list-group-item d-flex justify-content-between align-items-center">\n              <div>\n                <strong>harina mary</strong><br>\n                <small class="text-muted">Mínimo: 5.000</small>\n              </div>\n              <span class="badge bg-danger rounded-pill">0.000 en stock</span>\n            </li>\n            \n            <li class="list-group-item d-flex justify-content-between align-items-center">\n              <div>\n                <strong>MARGARINA NELLY</strong><br>\n                <small class="text-muted">Mínimo: 5.000</small>\n              </div>\n              <span class="badge bg-danger rounded-pill">2.000 en stock</span>\n            </li>\n            \n            <li class="list-group-item d-flex justify-content-between align-items-center">\n              <div>\n                <strong>galleta frufru</strong><br>\n                <small class="text-muted">Mínimo: 5.000</small>\n              </div>\n              <span class="badge bg-danger rounded-pill">0.000 en stock</span>\n            </li>\n            \n            <li class="list-group-item d-flex justify-content-between align-items-center">\n              <div>\n                <strong>CAFE FLOR DE ARAUCA DE 100</strong><br>\n                <small class="text-muted">Mínimo: 5.000</small>\n              </div>\n              <span class="badge bg-danger rounded-pill">4.000 en stock</span>\n            </li>\n            \n            <li class="list-group-item d-flex justify-content-between align-items-center">\n              <div>\n                <strong>galleta cookies</strong><br>\n                <small class="text-muted">Mínimo: 5.000</small>\n              </div>\n              <span class="badge bg-danger rounded-pill">5.000 en stock</span>\n            </li>\n            \n            <li class="list-group-item d-flex justify-content-between align-items-center">\n              <div>\n                <strong>sal 397</strong><br>\n                <small class="text-muted">Mínimo: 5.000</small>\n              </div>\n              <span class="badge bg-danger rounded-pill">4.000 en stock</span>\n            </li>\n            \n            <li class="list-group-item d-flex justify-content-between align-items-center">\n              <div>\n                <strong>cafe arauca</strong><br>\n                <small class="text-muted">Mínimo: 5.000</small>\n              </div>\n              <span class="badge bg-danger rounded-pill">1.000 en stock</span>\n            </li>\n            \n            <li class="list-group-item d-flex justify-content-between align-items-center">\n              <div>\n                <strong>mayon don tita</strong><br>\n                <small class="text-muted">Mínimo: 5.000</small>\n              </div>\n              <span class="badge bg-danger rounded-pill">0.000 en stock</span>\n            </li>\n            \n            <li class="list-group-item d-flex justify-content-between align-items-center">\n              <div>\n                <strong>PAN DE GUAYABA</strong><br>\n                <small class="text-muted">Mínimo: 5.000</small>\n              </div>\n              <span class="badge bg-danger rounded-pill">1.000 en stock</span>\n            </li>\n            \n            <li class="list-group-item d-flex justify-content-between align-items-center">\n              <div>\n                <strong>MARGARINA MAVESA 500GR</strong><br>\n                <small class="text-muted">Mínimo: 5.000</small>\n              </div>\n              <span class="badge bg-danger rounded-pill">1.000 en stock</span>\n            </li>\n            \n            <li class="list-group-item d-flex justify-content-between align-items-center">\n              <div>\n                <strong>CUCHARA DE ROLIM150</strong><br>\n                <small class="text-muted">Mínimo: 5.000</small>\n              </div>\n              <span class="badge bg-danger rounded-pill">0.000 en stock</span>\n            </li>\n            \n            <li class="list-group-item d-flex justify-content-between align-items-center">\n              <div>\n                <strong>pasador del burro horse</strong><br>\n                <small class="text-muted">Mínimo: 5.000</small>\n              </div>\n              <span class="badge bg-danger rounded-pill">1.000 en stock</span>\n            </li>\n            \n            <li class="list-group-item d-flex justify-content-between align-items-center">\n              <div>\n                <strong>GALLETA MARIMAX</strong><br>\n                <small class="text-muted">Mínimo: 5.000</small>\n              </div>\n              <span class="badge bg-danger rounded-pill">4.000 en stock</span>\n            </li>\n            \n            <li class="list-group-item d-flex justify-content-between align-items-center">\n              <div>\n                <strong>TRAVA TUERCA</strong><br>\n                <small class="text-muted">Mínimo: 5.000</small>\n              </div>\n              <span class="badge bg-danger rounded-pill">0.000 en stock</span>\n            </li>\n            \n            <li class="list-group-item d-flex justify-content-between align-items-center">\n              <div>\n                <strong>galleta vitarella</strong><br>\n                <small class="text-muted">Mínimo: 5.000</small>\n              </div>\n              <span class="badge bg-danger rounded-pill">5.000 en stock</span>\n            </li>\n            \n            <li class="list-group-item d-flex justify-content-between align-items-center">\n              <div>\n                <strong>BOMBILLO HUGME</strong><br>\n                <small class="text-muted">Mínimo: 5.000</small>\n              </div>\n              <span class="badge bg-danger rounded-pill">2.000 en stock</span>\n            </li>\n            \n            <li class="list-group-item d-flex justify-content-between align-items-center">\n              <div>\n                <strong>Rapid Product Test</strong><br>\n                <small class="text-muted">Mínimo: 5.000</small>\n              </div>\n              <span class="badge bg-danger rounded-pill">5.000 en stock</span>\n            </li>\n            \n            <li class="list-group-item d-flex justify-content-between align-items-center">\n              <div>\n                <strong>Test Producto Permisos</strong><br>\n                <small class="text-muted">Mínimo: 5.000</small>\n              </div>\n              <span class="badge bg-danger rounded-pill">0.000 en stock</span>\n            </li>\n            \n            <li class="list-group-item d-flex justify-content-between align-items-center">\n              <div>\n                <strong>Rapid Product Test</strong><br>\n                <small class="text-muted">Mínimo: 5.000</small>\n              </div>\n              <span class="badge bg-danger rounded-pill">5.000 en stock</span>\n            </li>\n            \n            <li class="list-group-item d-flex justify-content-between align-items-center">\n              <div>\n                <strong>Rapid Product Test</strong><br>\n                <small class="text-muted">Mínimo: 5.000</small>\n              </div>\n              <span class="badge bg-danger rounded-pill">5.000 en stock</span>\n            </li>\n            \n            <li class="list-group-item d-flex justify-content-between align-items-center">\n              <div>\n                <strong>Rapid Product Test</strong><br>\n                <small class="text-muted">Mínimo: 5.000</small>\n              </div>\n              <span class="badge bg-danger rounded-pill">5.000 en stock</span>\n            </li>\n            \n            <li class="list-group-item d-flex justify-content-between align-items-center">\n              <div>\n                <strong>Rapid Product Test</strong><br>\n                <small class="text-muted">Mínimo: 5.000</small>\n              </div>\n              <span class="badge bg-danger rounded-pill">5.000 en stock</span>\n            </li>\n            \n            <li class="list-group-item d-flex justify-content-between align-items-center">\n              <div>\n                <strong>Test Producto IA</strong><br>\n                <small class="text-muted">Mínimo: 5.000</small>\n              </div>\n              <span class="badge bg-danger rounded-pill">0.000 en stock</span>\n            </li>\n            \n            <li class="list-group-item d-flex justify-content-between align-items-center">\n              <div>\n                <strong>Rapid Product Test</strong><br>\n                <small class="text-muted">Mínimo: 5.000</small>\n              </div>\n              <span class="badge bg-danger rounded-pill">5.000 en stock</span>\n            </li>\n            \n            <li class="list-group-item d-flex justify-content-between align-items-center">\n              <div>\n                <strong>Rapid Product Test</strong><br>\n                <small class="text-muted">Mínimo: 5.000</small>\n              </div>\n              <span class="badge bg-danger rounded-pill">5.000 en stock</span>\n            </li>\n            \n            <li class="list-group-item d-flex justify-content-between align-items-center">\n              <div>\n                <strong>Rapid Product Test</strong><br>\n                <small class="text-muted">Mínimo: 5.000</small>\n              </div>\n              <span class="badge bg-danger rounded-pill">5.000 en stock</span>\n            </li>\n            \n          </ul>\n        </div>\n      </div>\n    </div>\n\n    <!-- Columna 2: Plan de Ventas (Ofertas) -->\n    <div class="col-md-4">\n      <div class="card shadow-sm mb-4">\n        <div class="card-header bg-success text-white">\n          <i class="fas fa-tags"></i> Sugerencia de Ofertas\n        </div>\n        <div class="card-body p-0">\n          <p class="small text-muted px-3 pt-2">Productos estancados. La IA aplica 10% de descuento:</p>\n          <ul class="list-group list-group-flush">\n            \n            <li class="list-group-item d-flex justify-content-between align-items-center">\n              <div>\n                <strong>BENCINA</strong><br>\n                <small class="text-muted">Precio: $1.00</small>\n              </div>\n              <form method="POST" action="/ia/aplicar_oferta/1">\n                <button type="submit" class="btn btn-sm btn-outline-success">\n                  <i class="fas fa-bolt"></i> Aplicar\n                </button>\n              </form>\n            </li>\n            \n            <li class="list-group-item d-flex justify-content-between align-items-center">\n              <div>\n                <strong>CINTA AISLANTE</strong><br>\n                <small class="text-muted">Precio: $4.50</small>\n              </div>\n              <form method="POST" action="/ia/aplicar_oferta/2">\n                <button type="submit" class="btn btn-sm btn-outline-success">\n                  <i class="fas fa-bolt"></i> Aplicar\n                </button>\n              </form>\n            </li>\n            \n            <li class="list-group-item d-flex justify-content-between align-items-center">\n              <div>\n                <strong>DISCO CORTE GRANDE</strong><br>\n                <small class="text-muted">Precio: $3.68</small>\n              </div>\n              <form method="POST" action="/ia/aplicar_oferta/3">\n                <button type="submit" class="btn btn-sm btn-outline-success">\n                  <i class="fas fa-bolt"></i> Aplicar\n                </button>\n              </form>\n            </li>\n            \n            <li class="list-group-item d-flex justify-content-between align-items-center">\n              <div>\n                <strong>DISCO DE CORTE PQÑO</strong><br>\n                <small class="text-muted">Precio: $0.75</small>\n              </div>\n              <form method="POST" action="/ia/aplicar_oferta/4">\n                <button type="submit" class="btn btn-sm btn-outline-success">\n                  <i class="fas fa-bolt"></i> Aplicar\n                </button>\n              </form>\n            </li>\n            \n            <li class="list-group-item d-flex justify-content-between align-items-center">\n              <div>\n                <strong>DISCO DE DEVASTAR GRANDE</strong><br>\n                <small class="text-muted">Precio: $4.64</small>\n              </div>\n              <form method="POST" action="/ia/aplicar_oferta/5">\n                <button type="submit" class="btn btn-sm btn-outline-success">\n                  <i class="fas fa-bolt"></i> Aplicar\n                </button>\n              </form>\n            </li>\n            \n            <li class="list-group-item d-flex justify-content-between align-items-center">\n              <div>\n                <strong>ELECTRODO</strong><br>\n                <small class="text-muted">Precio: $5.63</small>\n              </div>\n              <form method="POST" action="/ia/aplicar_oferta/6">\n                <button type="submit" class="btn btn-sm btn-outline-success">\n                  <i class="fas fa-bolt"></i> Aplicar\n                </button>\n              </form>\n            </li>\n            \n            <li class="list-group-item d-flex justify-content-between align-items-center">\n              <div>\n                <strong>hoja de cegueta</strong><br>\n                <small class="text-muted">Precio: $2.04</small>\n              </div>\n              <form method="POST" action="/ia/aplicar_oferta/7">\n                <button type="submit" class="btn btn-sm btn-outline-success">\n                  <i class="fas fa-bolt"></i> Aplicar\n                </button>\n              </form>\n            </li>\n            \n            <li class="list-group-item d-flex justify-content-between align-items-center">\n              <div>\n                <strong>LIMA DE MACHETE</strong><br>\n                <small class="text-muted">Precio: $3.02</small>\n              </div>\n              <form method="POST" action="/ia/aplicar_oferta/8">\n                <button type="submit" class="btn btn-sm btn-outline-success">\n                  <i class="fas fa-bolt"></i> Aplicar\n                </button>\n              </form>\n            </li>\n            \n            <li class="list-group-item d-flex justify-content-between align-items-center">\n              <div>\n                <strong>LIMA DE MOTOSIERRA</strong><br>\n                <small class="text-muted">Precio: $2.34</small>\n              </div>\n              <form method="POST" action="/ia/aplicar_oferta/9">\n                <button type="submit" class="btn btn-sm btn-outline-success">\n                  <i class="fas fa-bolt"></i> Aplicar\n                </button>\n              </form>\n            </li>\n            \n            <li class="list-group-item d-flex justify-content-between align-items-center">\n              <div>\n                <strong>lima MOTOSIERRA 7/32</strong><br>\n                <small class="text-muted">Precio: $1.34</small>\n              </div>\n              <form method="POST" action="/ia/aplicar_oferta/10">\n                <button type="submit" class="btn btn-sm btn-outline-success">\n                  <i class="fas fa-bolt"></i> Aplicar\n                </button>\n              </form>\n            </li>\n            \n          </ul>\n        </div>\n      </div>\n    </div>\n\n    <!-- Columna 3: Club del Vecino (Cerca del Premio) -->\n    <div class="col-md-4">\n      <div class="card shadow-sm mb-4">\n        <div class="card-header bg-primary text-white">\n          <i class="fas fa-users"></i> Impulso Club del Vecino\n        </div>\n        <div class="card-body p-0">\n          <p class="small text-muted px-3 pt-2">Cerca de 200 pts. La IA les da +10 puntos:</p>\n          <ul class="list-group list-group-flush">\n            \n            <li class="list-group-item d-flex justify-content-between align-items-center">\n              <div>\n                <strong>carlos cambero</strong><br>\n                <small class="text-muted">180 / 200 pts</small>\n              </div>\n              <form method="POST" action="/ia/enviar_bono/12">\n                <button type="submit" class="btn btn-sm btn-outline-primary">\n                  <i class="fas fa-gift"></i> +10 pts\n                </button>\n              </form>\n            </li>\n            \n            <li class="list-group-item d-flex justify-content-between align-items-center">\n              <div>\n                <strong>CARMEN LUZ CRESPO</strong><br>\n                <small class="text-muted">152 / 200 pts</small>\n              </div>\n              <form method="POST" action="/ia/enviar_bono/13">\n                <button type="submit" class="btn btn-sm btn-outline-primary">\n                  <i class="fas fa-gift"></i> +10 pts\n                </button>\n              </form>\n            </li>\n            \n            <li class="list-group-item d-flex justify-content-between align-items-center">\n              <div>\n                <strong>CARMEN MARIA</strong><br>\n                <small class="text-muted">172 / 200 pts</small>\n              </div>\n              <form method="POST" action="/ia/enviar_bono/14">\n                <button type="submit" class="btn btn-sm btn-outline-primary">\n                  <i class="fas fa-gift"></i> +10 pts\n                </button>\n              </form>\n            </li>\n            \n            <li class="list-group-item d-flex justify-content-between align-items-center">\n              <div>\n                <strong>YONY CIZLLA</strong><br>\n                <small class="text-muted">165 / 200 pts</small>\n              </div>\n              <form method="POST" action="/ia/enviar_bono/83">\n                <button type="submit" class="btn btn-sm btn-outline-primary">\n                  <i class="fas fa-gift"></i> +10 pts\n                </button>\n              </form>\n            </li>\n            \n            <li class="list-group-item d-flex justify-content-between align-items-center">\n              <div>\n                <strong>zanahoria</strong><br>\n                <small class="text-muted">178 / 200 pts</small>\n              </div>\n              <form method="POST" action="/ia/enviar_bono/85">\n                <button type="submit" class="btn btn-sm btn-outline-primary">\n                  <i class="fas fa-gift"></i> +10 pts\n                </button>\n              </form>\n            </li>\n            \n            <li class="list-group-item d-flex justify-content-between align-items-center">\n              <div>\n                <strong>EDUARDO FLORES</strong><br>\n                <small class="text-muted">180 / 200 pts</small>\n              </div>\n              <form method="POST" action="/ia/enviar_bono/91">\n                <button type="submit" class="btn btn-sm btn-outline-primary">\n                  <i class="fas fa-gift"></i> +10 pts\n                </button>\n              </form>\n            </li>\n            \n            <li class="list-group-item d-flex justify-content-between align-items-center">\n              <div>\n                <strong>PASTORCITO</strong><br>\n                <small class="text-muted">169 / 200 pts</small>\n              </div>\n              <form method="POST" action="/ia/enviar_bono/100">\n                <button type="submit" class="btn btn-sm btn-outline-primary">\n                  <i class="fas fa-gift"></i> +10 pts\n                </button>\n              </form>\n            </li>\n            \n          </ul>\n        </div>\n      </div>\n    </div>\n  </div>\n\n  <!-- Clientes Inactivos -->\n  \n  <div class="card shadow-sm mb-4">\n    <div class="card-header bg-warning text-dark">\n      <i class="fas fa-user-clock"></i> Clientes a Recuperar (sin compras en 15 días)\n    </div>\n    <div class="card-body p-0">\n      <ul class="list-group list-group-flush">\n        \n        <li class="list-group-item d-flex justify-content-between align-items-center">\n          <div>\n            <strong>ALEXIS MARTINEZ</strong>\n            <span class="badge bg-secondary ms-2">30 pts</span>\n          </div>\n          <form method="POST" action="/ia/enviar_bono/3">\n            <button type="submit" class="btn btn-sm btn-warning">\n              <i class="fas fa-gift"></i> Regalar 10 pts para que vuelva\n            </button>\n          </form>\n        </li>\n        \n        <li class="list-group-item d-flex justify-content-between align-items-center">\n          <div>\n            <strong>ARMANDO PINO</strong>\n            <span class="badge bg-secondary ms-2">0 pts</span>\n          </div>\n          <form method="POST" action="/ia/enviar_bono/9">\n            <button type="submit" class="btn btn-sm btn-warning">\n              <i class="fas fa-gift"></i> Regalar 10 pts para que vuelva\n            </button>\n          </form>\n        </li>\n        \n        <li class="list-group-item d-flex justify-content-between align-items-center">\n          <div>\n            <strong>ARTURO PIÑERO</strong>\n            <span class="badge bg-secondary ms-2">7 pts</span>\n          </div>\n          <form method="POST" action="/ia/enviar_bono/10">\n            <button type="submit" class="btn btn-sm btn-warning">\n              <i class="fas fa-gift"></i> Regalar 10 pts para que vuelva\n            </button>\n          </form>\n        </li>\n        \n        <li class="list-group-item d-flex justify-content-between align-items-center">\n          <div>\n            <strong>CECILIA DARWIN</strong>\n            <span class="badge bg-secondary ms-2">96 pts</span>\n          </div>\n          <form method="POST" action="/ia/enviar_bono/15">\n            <button type="submit" class="btn btn-sm btn-warning">\n              <i class="fas fa-gift"></i> Regalar 10 pts para que vuelva\n            </button>\n          </form>\n        </li>\n        \n        <li class="list-group-item d-flex justify-content-between align-items-center">\n          <div>\n            <strong>DEINER VARGAS</strong>\n            <span class="badge bg-secondary ms-2">0 pts</span>\n          </div>\n          <form method="POST" action="/ia/enviar_bono/21">\n            <button type="submit" class="btn btn-sm btn-warning">\n              <i class="fas fa-gift"></i> Regalar 10 pts para que vuelva\n            </button>\n          </form>\n        </li>\n        \n      </ul>\n    </div>\n  </div>\n  \n\n  <!-- \U0001f4ac CHAT CON IA MULTIMODAL (TEXTO Y VOZ) -->\n  <div class="card shadow mb-4 border-0 text-white" style="background: linear-gradient(135deg, #1e1e2f 0%, #11111e 100%) !important; border-radius: 12px; overflow: hidden;">\n    <div class="card-header bg-success text-white d-flex justify-content-between align-items-center" style="background: linear-gradient(90deg, #198754 0%, #157347 100%) !important; padding: 15px 20px;">\n      <h5 class="mb-0 font-weight-bold"><i class="fas fa-comments"></i> Conversar con Kalu-IA (Voz y Texto) \U0001f920</h5>\n      <div class="d-flex align-items-center gap-2">\n        <button id="btn_voz_toggle" class="btn btn-sm btn-outline-light font-weight-bold" onclick="toggleVozActiva()" title="Activar/Desactivar lectura en voz alta">\n          <i id="icono_altavoz" class="fas fa-volume-up"></i> Voz: <span id="estado_voz">ACTIVADA</span>\n        </button>\n      </div>\n    </div>\n    <div class="card-body d-flex flex-column" style="height: 420px; padding: 20px;">\n      <!-- Historial de Conversación -->\n      <div id="chat_historial" class="flex-grow-1 overflow-auto p-3 mb-3 rounded" style="background-color: rgba(255, 255, 255, 0.05) !important; max-height: 320px; border: 1px solid rgba(255, 255, 255, 0.1);">\n        <div class="d-flex mb-3 align-items-start">\n          <div class="bg-success text-white rounded p-3 px-4 me-2" style="max-width: 80%; border-radius: 15px 15px 15px 0px !important;">\n            <strong>Kalu-IA:</strong> ¡Epa camarita! Aquí estoy listo y cargado con Google Gemini. Háblame por el micrófono o escríbeme lo que necesites del negocio. ¿Cómo van las ventas hoy? ¿Quieres que auditemos la caja o cuadremos alguna cuenta? ¡Suelte la prenda!\n          </div>\n        </div>\n      </div>\n      \n      <!-- Controles de Entrada -->\n      <div class="input-group">\n        <!-- Botón de Micrófono -->\n        <button id="btn_mic" class="btn btn-danger font-weight-bold" onclick="toggleEscucharVoz()" title="Hablar por micrófono" style="border-radius: 8px 0 0 8px;">\n          <i id="icono_mic" class="fas fa-microphone"></i>\n        </button>\n        \n        <!-- Input de Texto -->\n        <input type="text" id="chat_texto_input" class="form-control bg-dark text-white border-secondary" placeholder="Escriba o hable aquí..." onkeydown="if(event.key===\'Enter\') enviarMensajeTexto()" style="border-radius: 0;">\n        \n        <!-- Botón Enviar -->\n        <button class="btn btn-success font-weight-bold" onclick="enviarMensajeTexto()" style="border-radius: 0 8px 8px 0;">\n          <i class="fas fa-paper-plane"></i> Enviar\n        </button>\n      </div>\n      <div id="estado_escucha" class="text-warning small mt-2 d-none"><i class="fas fa-circle-notch fa-spin"></i> Escuchando su voz, camarita... hable ahora y al terminar se enviará solo.</div>\n    </div>\n  </div>\n\n  <div class="text-center mt-4">\n    <button class="btn btn-outline-primary" onclick="window.print()">\n      <i class="fas fa-print"></i> Imprimir Plan del Día\n    </button>\n  </div>\n</div>\n\n<script>\n  // LÓGICA DEL CHAT DE VOZ Y TEXTO CON GEMINI\n  let vozActiva = true;\n  \n  function toggleVozActiva() {\n      vozActiva = !vozActiva;\n      const icono = document.getElementById("icono_altavoz");\n      const estado = document.getElementById("estado_voz");\n      if (vozActiva) {\n          icono.className = "fas fa-volume-up";\n          estado.innerText = "ACTIVADA";\n          hablar("Voz activada, camarita.");\n      } else {\n          icono.className = "fas fa-volume-mute";\n          estado.innerText = "MUTED";\n          if (\'speechSynthesis\' in window) {\n              window.speechSynthesis.cancel();\n          }\n      }\n  }\n\n  function hablar(texto) {\n      if (!vozActiva) return;\n      if (\'speechSynthesis\' in window) {\n          window.speechSynthesis.cancel();\n          // Limpiar formato Markdown para pronunciación fluida\n          let textoLimpio = texto.replace(/[*#_`~-]/g, \'\')\n                                 .replace(/Kalu-IA:/g, \'\')\n                                 .replace(/Epa camarita/g, \'Epa, camarita\')\n                                 .replace(/Epa Juan/g, \'Epa, Juan\');\n          const utterance = new SpeechSynthesisUtterance(textoLimpio);\n          utterance.lang = \'es-VE\'; // Español de Venezuela\n          \n          const voices = window.speechSynthesis.getVoices();\n          const voiceSelected = voices.find(v => v.lang.startsWith(\'es\'));\n          if (voiceSelected) {\n              utterance.voice = voiceSelected;\n          }\n          utterance.rate = 0.95; // Un pelín pausado para tono llanero\n          window.speechSynthesis.speak(utterance);\n      }\n  }\n\n  // Activar Speech Recognition si es soportado por el navegador\n  const SpeechRecognition = window.SpeechRecognition || window.webkitSpeechRecognition;\n  let recognitionInstance = null;\n  let escuchando = false;\n\n  if (SpeechRecognition) {\n      recognitionInstance = new SpeechRecognition();\n      recognitionInstance.lang = \'es-VE\';\n      recognitionInstance.continuous = false;\n      recognitionInstance.interimResults = false;\n\n      recognitionInstance.onstart = () => {\n          escuchando = true;\n          document.getElementById("btn_mic").className = "btn btn-warning btn-pulse";\n          document.getElementById("icono_mic").className = "fas fa-microphone-alt text-danger";\n          document.getElementById("estado_escucha").classList.remove("d-none");\n      };\n\n      recognitionInstance.onresult = (event) => {\n          const text = event.results[0][0].transcript;\n          document.getElementById("chat_texto_input").value = text;\n          enviarMensajeTexto();\n      };\n\n      recognitionInstance.onerror = (err) => {\n          console.error("Error reconociendo voz:", err);\n          document.getElementById("estado_escucha").innerHTML = `<span class="text-danger"><i class="fas fa-exclamation-triangle"></i> No le escuché bien, camarita. Intente de nuevo.</span>`;\n          setTimeout(() => document.getElementById("estado_escucha").classList.add("d-none"), 3000);\n      };\n\n      recognitionInstance.onend = () => {\n          escuchando = false;\n          document.getElementById("btn_mic").className = "btn btn-danger";\n          document.getElementById("icono_mic").className = "fas fa-microphone";\n          document.getElementById("estado_escucha").classList.add("d-none");\n      };\n  } else {\n      document.getElementById("btn_mic").style.display = "none";\n  }\n\n  function toggleEscucharVoz() {\n      if (!recognitionInstance) return;\n      if (escuchando) {\n          recognitionInstance.stop();\n      } else {\n          recognitionInstance.start();\n      }\n  }\n\n  function enviarMensajeTexto() {\n      const input = document.getElementById("chat_texto_input");\n      const pregunta = input.value.trim();\n      if (!pregunta) return;\n\n      input.value = "";\n      \n      const historial = document.getElementById("chat_historial");\n      \n      // Agregar pregunta del usuario\n      historial.innerHTML += `\n        <div class="d-flex mb-3 align-items-start justify-content-end">\n          <div class="bg-primary text-white rounded p-3 px-4 ms-2" style="max-width: 80%; border-radius: 15px 15px 0px 15px !important;">\n            <strong>Usted:</strong> ${pregunta}\n          </div>\n        </div>\n      `;\n      historial.scrollTop = historial.scrollHeight;\n\n      // Mensaje de carga llanero\n      const loadId = "load_" + Math.floor(Math.random() * 10000);\n      historial.innerHTML += `\n        <div class="d-flex mb-3 align-items-start" id="${loadId}">\n          <div class="bg-success text-white rounded p-3 px-4 me-2" style="max-width: 80%; border-radius: 15px 15px 15px 0px !important;">\n            <strong>Kalu-IA:</strong> <em>Pensando en el llano... \U0001f33e</em>\n          </div>\n        </div>\n      `;\n      historial.scrollTop = historial.scrollHeight;\n\n      fetch("/ia-consultar", {\n          method: "POST",\n          headers: { "Content-Type": "application/json" },\n          body: JSON.stringify({ pregunta: pregunta })\n      })\n      .then(res => res.json())\n      .then(data => {\n          const loadEl = document.getElementById(loadId);\n          if (loadEl) loadEl.remove();\n\n          // Agregar respuesta de Gemini\n          historial.innerHTML += `\n            <div class="d-flex mb-3 align-items-start">\n              <div class="bg-success text-white rounded p-3 px-4 me-2" style="max-width: 80%; border-radius: 15px 15px 15px 0px !important;">\n                <strong>Kalu-IA:</strong> ${data.respuesta}\n              </div>\n            </div>\n          `;\n          historial.scrollTop = historial.scrollHeight;\n\n          // Leer en voz alta\n          hablar(data.respuesta);\n      })\n      .catch(err => {\n          const loadEl = document.getElementById(loadId);\n          if (loadEl) loadEl.remove();\n          \n          historial.innerHTML += `\n            <div class="d-flex mb-3 align-items-start">\n              <div class="bg-danger text-white rounded p-3 px-4 me-2" style="max-width: 80%; border-radius: 15px 15px 15px 0px !important;">\n                <strong>Kalu-IA:</strong> Epa camarita, se cayó la señal del módem. Pregúntame de nuevo a ver.\n              </div>\n            </div>\n          `;\n          historial.scrollTop = historial.scrollHeight;\n      });\n  }\n</script>\n\n<style>\n  .btn-pulse {\n    animation: pulse 1.5s infinite;\n  }\n  @keyframes pulse {\n    0% { transform: scale(1); box-shadow: 0 0 0 0 rgba(220, 53, 69, 0.7); }\n    70% { transform: scale(1.05); box-shadow: 0 0 0 10px rgba(220, 53, 69, 0); }\n    100% { transform: scale(1); box-shadow: 0 0 0 0 rgba(220, 53, 69, 0); }\n  }\n</style>\n\n\n  </div>\n  <script>\n    function toggleSidebarMenu() {\n      const sidebar = document.querySelector(\'.sidebar\');\n      const mainContent = document.querySelector(\'.main-content\');\n      const overlay = document.getElementById(\'sidebar-overlay\');\n      const toggleBtn = document.getElementById(\'sidebar-toggle\');\n      \n      // Detectar móvil de forma más robusta\n      const isMobile = window.innerWidth < 992;\n      \n      if (isMobile) {\n        sidebar.classList.toggle(\'show-mobile\');\n        overlay.classList.toggle(\'active\');\n        // Asegurar que no se quede pegado el scroll del fondo\n        document.body.style.overflow = sidebar.classList.contains(\'show-mobile\') ? \'hidden\' : \'\';\n      } else {\n        sidebar.classList.toggle(\'collapsed\');\n        mainContent.classList.toggle(\'expanded\');\n        \n        const isCollapsed = sidebar.classList.contains(\'collapsed\');\n        localStorage.setItem(\'sidebarCollapsed\', isCollapsed);\n      }\n      \n      // Update icon if needed\n      const icon = toggleBtn.querySelector(\'i\');\n      if (sidebar.classList.contains(\'collapsed\') || (isMobile && !sidebar.classList.contains(\'show-mobile\'))) {\n        // En desktop colapsado o movil oculto\n        if (!isMobile) icon.classList.replace(\'fa-bars\', \'fa-chevron-right\');\n      } else {\n        if (!isMobile) icon.classList.replace(\'fa-chevron-right\', \'fa-bars\');\n      }\n    }\n\n    // Compatibilidad con la función anterior por si se llama desde otro lado\n    function toggleSidebar() { toggleSidebarMenu(); }\n\n    // Initialize sidebar state\n    document.addEventListener(\'DOMContentLoaded\', () => {\n      let isCollapsed = localStorage.getItem(\'sidebarCollapsed\');\n      \n      // Forzar colapso por defecto en el POS para maximizar espacio\n      if (window.location.pathname.includes(\'/pos\')) {\n        isCollapsed = \'true\';\n      }\n      \n      if (isCollapsed === \'true\') {\n        const sidebar = document.querySelector(\'.sidebar\');\n        const mainContent = document.querySelector(\'.main-content\');\n        const toggleBtn = document.getElementById(\'sidebar-toggle\');\n        \n        if (sidebar) sidebar.classList.add(\'collapsed\');\n        if (mainContent) mainContent.classList.add(\'expanded\');\n        if (toggleBtn) {\n          const icon = toggleBtn.querySelector(\'i\');\n          if (icon) icon.classList.replace(\'fa-bars\', \'fa-chevron-right\');\n        }\n      }\n    });\n\n    // \U0001f512 SEGURO DE DOBLE CLIC: Deshabilita botones al enviar formulario\n    document.addEventListener(\'submit\', (e) => {\n        const form = e.target;\n        // Solo aplicar a formularios que no tengan la clase \'no-lock\'\n        if (form.classList.contains(\'no-lock\')) return;\n        \n        const submitBtn = form.querySelector(\'button[type="submit"]\');\n        if (submitBtn) {\n            // Un pequeño delay para permitir que la validación nativa de HTML5 ocurra\n            setTimeout(() => {\n                if (form.checkValidity()) {\n                    submitBtn.disabled = true;\n                    submitBtn.innerHTML = \'<i class="fas fa-spinner fa-spin"></i> PROCESANDO...\';\n                }\n            }, 0);\n        }\n    });\n  </script>\n  <script>\n    // PWA Service Worker Registration\n    if (\'serviceWorker\' in navigator) {\n      window.addEventListener(\'load\', () => {\n        navigator.serviceWorker.register(\'/static/sw.js\').then(reg => {\n          console.log(\'PWA Service Worker registrado correctamente.\', reg.scope);\n        }).catch(err => {\n          console.warn(\'Fallo el registro del Service Worker:\', err);\n        });\n      });\n    }\n\n// ============================================================\n// \U0001f50d SISTEMA DE ESCÁNER ADMINISTRATIVO (CÓDIGOS MÁGICOS)\n// ============================================================\nlet barcodeBuffer = "";\nlet globalLastKeyTime = Date.now();\n\ndocument.addEventListener("keydown", (e) => {\n    // Evitar que el escáner active el submit de formularios si no es el foco\n    const currentTime = Date.now();\n    \n    // Si pasa más de 200ms entre teclas, probablemente sea humano escribiendo\n    if (currentTime - globalLastKeyTime > 200) {\n        barcodeBuffer = "";\n    }\n    \n    if (e.key === "Enter") {\n        if (barcodeBuffer.length >= 4) {\n            handleSpecialBarcode(barcodeBuffer);\n            // Prevenir el submit si es un código mágico\n            if ([\'1001\', \'1002\', \'1003\', \'1004\', \'9001\', \'9002\'].includes(barcodeBuffer) || barcodeBuffer.startsWith("KALU-")) e.preventDefault();\n            barcodeBuffer = "";\n        }\n    } else {\n        if (e.key.length === 1) {\n            barcodeBuffer += e.key;\n        }\n    }\n    globalLastKeyTime = currentTime;\n});\n\nfunction handleSpecialBarcode(code) {\n    if ([\'1001\', \'1002\', \'1003\', \'1004\'].includes(code) || code.startsWith("KALU-LOGIN-") || code === "KALU-LLAVE-MAESTRA-LOGIN") {\n        fetch(\'/barcode-login\', {\n            method: \'POST\',\n            headers: { \'Content-Type\': \'application/json\' },\n            body: JSON.stringify({ codigo: code })\n        })\n        .then(r => r.json())\n        .then(res => {\n            if (res.success) {\n                window.location.href = res.redirect;\n            } else {\n                Swal.fire(\'Error\', res.message, \'error\');\n            }\n        });\n    } else if (code === "KALU-CAJA-BORRAR" || code === "9001") {\n        console.log("Comando de borrar detectado:", code);\n        Swal.fire({\n            title: \'¡Código Detectado!\',\n            text: \'Intentando borrar el producto...\',\n            icon: \'info\',\n            timer: 1000,\n            showConfirmButton: false\n        });\n        \n        if (typeof limpiarItemSeleccionado === "function") {\n            setTimeout(limpiarItemSeleccionado, 500); // Esperar medio segundo para evitar choques\n        } else {\n            Swal.fire(\'Error\', \'Debe estar en la pantalla de la Caja para usar esta tarjeta.\', \'error\');\n        }\n    } else if (code === "KALU-ADMIN-PRECIOS" || code === "9002") {\n        window.location.href = "/inventario";\n    }\n}\n  </script>\n  <script src="https://cdn.jsdelivr.net/npm/bootstrap@5.3.0/dist/js/bootstrap.bundle.min.js"></script>\n\n  <!-- DataTables + Extensiones de Exportación JS -->\n<!-- DataTables + Extensiones de Exportación JS y jQuery se cargan arriba -->\n\n  \n  <div class="mobile-nav">\n    <a href="/pos" class=""><i class="fas fa-cash-register"></i>POS</a>\n    <a href="/compras" class=""><i class="fas fa-shopping-cart"></i>Compras</a>\n    <a href="/reporte_cierre" class=""><i class="fas fa-chart-line"></i>Cierre</a>\n    <a href="/libreta_productores" class=""><i class="fas fa-book-open"></i>Libreta</a>\n    <a href="/morosos" class=""><i class="fas fa-user-clock"></i>Morosos</a>\n  </div>\n  \n  <!-- MODAL DE PIN PARA SEGURIDAD -->\n  <div class="modal fade" id="pinModal" tabindex="-1" aria-hidden="true" style="z-index: 9999;">\n    <div class="modal-dialog modal-dialog-centered modal-sm">\n      <div class="modal-content border-0 shadow-lg bg-dark text-white" style="border-radius: 20px;">\n        <div class="modal-header border-0 pb-0 justify-content-center">\n          <div class="text-center mt-3">\n            <div class="bg-warning text-dark d-inline-block rounded-circle p-3 mb-2 shadow-sm">\n                <i class="fas fa-shield-alt fa-2x"></i>\n            </div>\n            <h5 class="modal-title w-100 fw-800">AUTORIZACIÓN</h5>\n          </div>\n        </div>\n        <div class="modal-body text-center pt-2">\n          <p class="small opacity-75 mb-4 px-3">Ingrese el PIN de Supervisor para continuar con esta operación.</p>\n          <div class="pin-display mb-4 px-4">\n            <input type="password" id="pin_input_global" class="form-control form-control-lg text-center fw-bold bg-transparent text-white border-0 border-bottom border-warning border-2" \n                   maxlength="10" placeholder="••••" style="font-size: 2.5rem; letter-spacing: 0.8rem; box-shadow: none;" autocomplete="off">\n          </div>\n          <div id="pin_error_global" class="text-danger small mb-3 fw-bold animate__animated animate__shakeX" style="display:none;"></div>\n          <div class="px-3">\n            <button id="btn_confirm_pin_global" class="btn btn-warning w-100 py-3 fw-bold rounded-4 mb-2 shadow-sm">\n              <i class="fas fa-key me-2"></i> VERIFICAR PIN\n            </button>\n            <button type="button" class="btn btn-link btn-sm text-white-50 text-decoration-none" data-bs-dismiss="modal">Cancelar</button>\n          </div>\n        </div>\n      </div>\n    </div>\n  </div>\n\n  <script>\n    let pinCallbackAction = null;\n\n    /**\n     * Solicita un PIN de supervisor antes de ejecutar una acción.\n     * @param {Function} callback - La función a ejecutar si el PIN es correcto.\n     */\n    function solicitarPinSupervisor(callback) {\n      pinCallbackAction = callback;\n      const modal = new bootstrap.Modal(document.getElementById(\'pinModal\'));\n      document.getElementById(\'pin_input_global\').value = \'\';\n      document.getElementById(\'pin_error_global\').style.display = \'none\';\n      modal.show();\n\n      // Enfoque automático\n      const myModalEl = document.getElementById(\'pinModal\');\n      myModalEl.addEventListener(\'shown.bs.modal\', () => {\n        document.getElementById(\'pin_input_global\').focus();\n      });\n    }\n\n    // Manejador del botón de verificación de PIN\n    document.getElementById(\'btn_confirm_pin_global\').addEventListener(\'click\', async function() {\n      const pin = document.getElementById(\'pin_input_global\').value;\n      const btn = this;\n      const errorDiv = document.getElementById(\'pin_error_global\');\n      \n      if (!pin) return;\n\n      btn.disabled = true;\n      btn.innerHTML = \'<i class="fas fa-spinner fa-spin me-2"></i> VERIFICANDO...\';\n      errorDiv.style.display = \'none\';\n\n      try {\n        const response = await fetch(\'/api/verify_pin\', {\n          method: \'POST\',\n          headers: { \'Content-Type\': \'application/json\' },\n          body: JSON.stringify({ pin: pin })\n        });\n\n        const data = await response.json();\n\n        if (data.success) {\n          console.log("\u2705 PIN Autorizado por:", data.username);\n          const modalEl = document.getElementById(\'pinModal\');\n          const modal = bootstrap.Modal.getInstance(modalEl);\n          modal.hide();\n          \n          if (typeof pinCallbackAction === \'function\') {\n            pinCallbackAction(pin, data.username);\n          }\n\n        } else {\n          errorDiv.innerText = \'\u274c \' + (data.message || \'PIN Incorrecto\');\n          errorDiv.style.display = \'block\';\n          document.getElementById(\'pin_input_global\').value = \'\';\n          document.getElementById(\'pin_input_global\').focus();\n        }\n      } catch (error) {\n        console.error("Error verificando PIN:", error);\n        errorDiv.innerText = \'\u274c Error de conexión\';\n        errorDiv.style.display = \'block\';\n      } finally {\n        btn.disabled = false;\n        btn.innerHTML = \'<i class="fas fa-key me-2"></i> VERIFICAR PIN\';\n      }\n    });\n\n    // --- FUNCIÓN GLOBAL DE FORMATEO ---\n    window.safeFix = function(val, dec = 2) {\n      const n = parseFloat(val);\n      if (isNaN(n)) {\n        console.warn("[Kalu] No se pudo formatear:", val);\n        return (0).toFixed(dec);\n      }\n      return n.toFixed(dec);\n    };\n\n    // Permitir Enter en el input de PIN\n    document.getElementById(\'pin_input_global\').addEventListener(\'keypress\', function(e) {\n      if (e.key === \'Enter\') {\n        document.getElementById(\'btn_confirm_pin_global\').click();\n      }\n    });\n    // --- SEGURIDAD: Cierre de Sesión por Inactividad (20 min) ---\n    if (document.body.dataset.loggedIn === \'true\') {\n        (function() {\n            let idleTimer;\n            const idleLimit = 20 * 60 * 1000; \n\n            function doLogout() {\n                console.log("\U0001f512 Sesión expirada.");\n                window.location.href = "/logout";\n            }\n\n            function resetIdleTimer() {\n                if (idleTimer) clearTimeout(idleTimer);\n                idleTimer = setTimeout(doLogout, idleLimit);\n            }\n\n            [\'mousedown\', \'mousemove\', \'keypress\', \'scroll\', \'touchstart\'].forEach(evt => {\n                document.addEventListener(evt, resetIdleTimer, true);\n            });\n\n            resetIdleTimer();\n        })();\n    }\n  </script>\n</body>\n\n</html>'

----------------------------------------------------------------------
Ran 5 tests in 0.224s

FAILED (failures=1)
